\BOOKMARK [0][-]{section*.2}{\376\377\000R\000e\000l\000e\000v\000a\000n\000t\000\040\000P\000u\000b\000l\000i\000c\000a\000t\000i\000o\000n\000s}{}% 1
\BOOKMARK [0][-]{section*.7}{\376\377\000A\000c\000k\000n\000o\000w\000l\000e\000d\000g\000e\000m\000e\000n\000t\000s}{}% 2
\BOOKMARK [0][-]{chapter*.9}{\376\377\000L\000i\000s\000t\000\040\000o\000f\000\040\000F\000i\000g\000u\000r\000e\000s}{}% 3
\BOOKMARK [0][-]{chapter*.10}{\376\377\000L\000i\000s\000t\000\040\000o\000f\000\040\000T\000a\000b\000l\000e\000s}{}% 4
\BOOKMARK [0][-]{section*.12}{\376\377\000L\000i\000s\000t\000\040\000o\000f\000\040\000A\000b\000b\000r\000e\000v\000i\000a\000t\000i\000o\000n\000s}{}% 5
\BOOKMARK [0][-]{chapter*.13}{\376\377\000A\000b\000s\000t\000r\000a\000c\000t}{}% 6
\BOOKMARK [0][-]{chapter.14}{\376\377\000I\000n\000t\000r\000o\000d\000u\000c\000t\000i\000o\000n}{}% 7
\BOOKMARK [1][-]{section.15}{\376\377\000A\000i\000m\000s\000\040\000a\000n\000d\000\040\000A\000p\000p\000r\000o\000a\000c\000h\000e\000s}{chapter.14}% 8
\BOOKMARK [1][-]{section.19}{\376\377\000S\000i\000g\000n\000i\000f\000i\000c\000a\000n\000t\000\040\000C\000o\000n\000t\000r\000i\000b\000u\000t\000i\000o\000n\000s}{chapter.14}% 9
\BOOKMARK [1][-]{section.20}{\376\377\000S\000t\000r\000u\000c\000t\000u\000r\000e\000\040\000o\000f\000\040\000t\000h\000i\000s\000\040\000T\000h\000e\000s\000i\000s}{chapter.14}% 10
\BOOKMARK [0][-]{chapter.21}{\376\377\000B\000a\000c\000k\000g\000r\000o\000u\000n\000d}{}% 11
\BOOKMARK [1][-]{section.22}{\376\377\000E\000s\000s\000e\000n\000t\000i\000a\000l\000\040\000M\000a\000t\000h\000e\000m\000a\000t\000i\000c\000a\000l\000\040\000B\000a\000c\000k\000g\000r\000o\000u\000n\000d\000s}{chapter.21}% 12
\BOOKMARK [2][-]{subsection.23}{\376\377\000G\000a\000u\000s\000s\000i\000a\000n\000\040\000a\000n\000d\000\040\000S\000u\000b\000-\000G\000a\000u\000s\000s\000i\000a\000n\000\040\000R\000a\000n\000d\000o\000m\000\040\000V\000a\000r\000i\000a\000b\000l\000e\000s}{section.22}% 13
\BOOKMARK [3][-]{subsubsection.24}{\376\377\000G\000a\000u\000s\000s\000i\000a\000n\000\040\000R\000a\000n\000d\000o\000m\000\040\000V\000a\000r\000i\000a\000b\000l\000e\000s}{subsection.23}% 14
\BOOKMARK [3][-]{subsubsection.25}{\376\377\000S\000u\000b\000-\000G\000a\000u\000s\000s\000i\000a\000n\000\040\000R\000a\000n\000d\000o\000m\000\040\000V\000a\000r\000i\000a\000b\000l\000e\000s}{subsection.23}% 15
\BOOKMARK [2][-]{subsection.26}{\376\377\000G\000a\000u\000s\000s\000i\000a\000n\000\040\000P\000r\000o\000c\000e\000s\000s}{section.22}% 16
\BOOKMARK [2][-]{subsection.27}{\376\377\000K\000e\000r\000n\000e\000l\000s}{section.22}% 17
\BOOKMARK [2][-]{subsection.31}{\376\377\000M\000a\000x\000i\000m\000u\000m\000\040\000I\000n\000f\000o\000r\000m\000a\000t\000i\000o\000n\000\040\000G\000a\000i\000n}{section.22}% 18
\BOOKMARK [3][-]{subsubsection.32}{\376\377\000E\000n\000t\000r\000o\000p\000y}{subsection.31}% 19
\BOOKMARK [3][-]{subsubsection.33}{\376\377\000I\000n\000f\000o\000r\000m\000a\000t\000i\000o\000n\000\040\000G\000a\000i\000n}{subsection.31}% 20
\BOOKMARK [3][-]{subsubsection.34}{\376\377\000M\000a\000x\000i\000m\000u\000m\000\040\000I\000n\000f\000o\000r\000m\000a\000t\000i\000o\000n\000\040\000G\000a\000i\000n\000\040\000i\000n\000\040\000G\000P\000\040\000r\000e\000g\000r\000e\000s\000s\000i\000o\000n}{subsection.31}% 21
\BOOKMARK [2][-]{subsection.35}{\376\377\000R\000e\000p\000r\000o\000d\000u\000c\000i\000n\000g\000\040\000K\000e\000r\000n\000e\000l\000\040\000H\000i\000l\000b\000e\000r\000t\000\040\000S\000p\000a\000c\000e\000\040\000\050\000R\000K\000H\000S\000\051}{section.22}% 22
\BOOKMARK [3][-]{subsubsection.36}{\376\377\000H\000i\000l\000b\000e\000r\000t\000\040\000S\000p\000a\000c\000e\000s\000\040\000a\000n\000d\000\040\000I\000n\000n\000e\000r\000\040\000P\000r\000o\000d\000u\000c\000t\000s}{subsection.35}% 23
\BOOKMARK [3][-]{subsubsection.37}{\376\377\000K\000e\000r\000n\000e\000l\000\040\000F\000u\000n\000c\000t\000i\000o\000n\000s\000\040\000a\000n\000d\000\040\000P\000o\000s\000i\000t\000i\000v\000e\000\040\000D\000e\000f\000i\000n\000i\000t\000e\000n\000e\000s\000s}{subsection.35}% 24
\BOOKMARK [3][-]{subsubsection.38}{\376\377\000C\000o\000n\000s\000t\000r\000u\000c\000t\000i\000n\000g\000\040\000R\000K\000H\000S\000:\000\040\000T\000h\000e\000\040\000M\000o\000o\000r\000e\000-\000A\000r\000o\000n\000s\000z\000a\000j\000n\000\040\000T\000h\000e\000o\000r\000e\000m}{subsection.35}% 25
\BOOKMARK [3][-]{subsubsection.43}{\376\377\000I\000n\000n\000e\000r\000\040\000P\000r\000o\000d\000u\000c\000t\000\040\000a\000n\000d\000\040\000N\000o\000r\000m\000\040\000i\000n\000\040\000R\000K\000H\000S}{subsection.35}% 26
\BOOKMARK [3][-]{subsubsection.44}{\376\377\000R\000e\000p\000r\000o\000d\000u\000c\000i\000n\000g\000\040\000P\000r\000o\000p\000e\000r\000t\000y\000\040\000a\000n\000d\000\040\000P\000o\000i\000n\000t\000-\000w\000i\000s\000e\000\040\000E\000v\000a\000l\000u\000a\000t\000i\000o\000n}{subsection.35}% 27
\BOOKMARK [3][-]{subsubsection.45}{\376\377\000R\000e\000p\000r\000e\000s\000e\000n\000t\000e\000r\000\040\000T\000h\000e\000o\000r\000e\000m}{subsection.35}% 28
\BOOKMARK [3][-]{subsubsection.46}{\376\377\000R\000e\000g\000u\000l\000a\000r\000i\000z\000a\000t\000i\000o\000n\000\040\000a\000n\000d\000\040\000S\000m\000o\000o\000t\000h\000n\000e\000s\000s\000\040\000i\000n\000\040\000R\000K\000H\000S}{subsection.35}% 29
\BOOKMARK [3][-]{subsubsection.47}{\376\377\000E\000x\000a\000m\000p\000l\000e\000s\000\040\000o\000f\000\040\000K\000e\000r\000n\000e\000l\000s\000\040\000a\000n\000d\000\040\000C\000o\000r\000r\000e\000s\000p\000o\000n\000d\000i\000n\000g\000\040\000R\000K\000H\000S}{subsection.35}% 30
\BOOKMARK [1][-]{section.48}{\376\377\000I\000n\000t\000r\000o\000d\000u\000c\000t\000i\000o\000n\000\040\000t\000o\000\040\000O\000p\000t\000i\000m\000i\000z\000a\000t\000i\000o\000n}{chapter.21}% 31
\BOOKMARK [2][-]{subsection.49}{\376\377\000G\000r\000a\000d\000i\000e\000n\000t\000-\000B\000a\000s\000e\000d\000\040\000O\000p\000t\000i\000m\000i\000z\000a\000t\000i\000o\000n}{section.48}% 32
\BOOKMARK [3][-]{subsubsection.51}{\376\377\000G\000r\000a\000d\000i\000e\000n\000t\000\040\000D\000e\000s\000c\000e\000n\000t}{subsection.49}% 33
\BOOKMARK [3][-]{subsubsection.52}{\376\377\000M\000o\000m\000e\000n\000t\000u\000m}{subsection.49}% 34
\BOOKMARK [3][-]{subsubsection.53}{\376\377\000A\000d\000a\000p\000t\000i\000v\000e\000\040\000L\000e\000a\000r\000n\000i\000n\000g\000\040\000R\000a\000t\000e\000\040\000A\000l\000g\000o\000r\000i\000t\000h\000m\000s}{subsection.49}% 35
\BOOKMARK [3][-]{subsubsection.57}{\376\377\000C\000o\000n\000j\000u\000g\000a\000t\000e\000\040\000G\000r\000a\000d\000i\000e\000n\000t}{subsection.49}% 36
\BOOKMARK [3][-]{subsubsection.58}{\376\377\000N\000e\000w\000t\000o\000n\000'\000s\000\040\000M\000e\000t\000h\000o\000d}{subsection.49}% 37
\BOOKMARK [3][-]{subsubsection.59}{\376\377\000Q\000u\000a\000s\000i\000-\000N\000e\000w\000t\000o\000n\000\040\000M\000e\000t\000h\000o\000d\000s\000\040\000\050\000B\000F\000G\000S\000,\000\040\000L\000-\000B\000F\000G\000S\000\051}{subsection.49}% 38
\BOOKMARK [2][-]{subsection.60}{\376\377\000D\000e\000r\000i\000v\000a\000t\000i\000v\000e\000-\000F\000r\000e\000e\000\040\000O\000p\000t\000i\000m\000i\000z\000a\000t\000i\000o\000n}{section.48}% 39
\BOOKMARK [3][-]{subsubsection.61}{\376\377\000N\000e\000l\000d\000e\000r\000-\000M\000e\000a\000d\000\040\000M\000e\000t\000h\000o\000d}{subsection.60}% 40
\BOOKMARK [3][-]{subsubsection.62}{\376\377\000G\000e\000n\000e\000t\000i\000c\000\040\000A\000l\000g\000o\000r\000i\000t\000h\000m\000\040\000\050\000G\000A\000\051}{subsection.60}% 41
\BOOKMARK [3][-]{subsubsection.63}{\376\377\000S\000i\000m\000u\000l\000a\000t\000e\000d\000\040\000A\000n\000n\000e\000a\000l\000i\000n\000g\000\040\000\050\000S\000A\000\051}{subsection.60}% 42
\BOOKMARK [3][-]{subsubsection.64}{\376\377\000C\000o\000v\000a\000r\000i\000a\000n\000c\000e\000\040\000M\000a\000t\000r\000i\000x\000\040\000A\000d\000a\000p\000t\000a\000t\000i\000o\000n\000\040\000E\000v\000o\000l\000u\000t\000i\000o\000n\000\040\000S\000t\000r\000a\000t\000e\000g\000y\000\040\000\050\000C\000M\000A\000-\000E\000S\000\051}{subsection.60}% 43
\BOOKMARK [1][-]{section.65}{\376\377\000B\000l\000a\000c\000k\000-\000b\000o\000x\000\040\000O\000p\000t\000i\000m\000i\000z\000a\000t\000i\000o\000n}{chapter.21}% 44
\BOOKMARK [2][-]{subsection.66}{\376\377\000I\000n\000t\000r\000o\000d\000u\000c\000t\000i\000o\000n\000\040\000t\000o\000\040\000B\000l\000a\000c\000k\000-\000b\000o\000x\000\040\000O\000p\000t\000i\000m\000i\000z\000a\000t\000i\000o\000n}{section.65}% 45
\BOOKMARK [2][-]{subsection.68}{\376\377\000S\000u\000r\000r\000o\000g\000a\000t\000e\000s\000\040\000M\000o\000d\000e\000l\000s}{section.65}% 46
\BOOKMARK [3][-]{subsubsection.69}{\376\377\000G\000a\000u\000s\000s\000i\000a\000n\000\040\000P\000r\000o\000c\000e\000s\000s\000e\000s}{subsection.68}% 47
\BOOKMARK [3][-]{subsubsection.70}{\376\377\000R\000a\000n\000d\000o\000m\000\040\000F\000o\000r\000e\000s\000t}{subsection.68}% 48
\BOOKMARK [3][-]{subsubsection.71}{\376\377\000D\000e\000e\000p\000\040\000N\000e\000u\000r\000a\000l\000\040\000N\000e\000t\000w\000o\000r\000k\000\040\000a\000n\000d\000\040\000N\000e\000u\000r\000a\000l\000\040\000T\000a\000n\000g\000e\000n\000t\000\040\000K\000e\000r\000n\000e\000l}{subsection.68}% 49
\BOOKMARK [2][-]{subsection.72}{\376\377\000U\000t\000i\000l\000i\000t\000y\000-\000B\000a\000s\000e\000d\000\040\000A\000c\000q\000u\000i\000s\000i\000t\000i\000o\000n\000\040\000F\000u\000n\000c\000t\000i\000o\000n\000s}{section.65}% 50
\BOOKMARK [3][-]{subsubsection.73}{\376\377\000P\000r\000o\000b\000a\000b\000i\000l\000i\000t\000y\000\040\000o\000f\000\040\000I\000m\000p\000r\000o\000v\000e\000m\000e\000n\000t}{subsection.72}% 51
\BOOKMARK [3][-]{subsubsection.74}{\376\377\000E\000x\000p\000e\000c\000t\000e\000d\000\040\000I\000m\000p\000r\000o\000v\000e\000m\000e\000n\000t}{subsection.72}% 52
\BOOKMARK [3][-]{subsubsection.75}{\376\377\000U\000p\000p\000e\000r\000\040\000C\000o\000n\000f\000i\000d\000e\000n\000c\000e\000\040\000B\000o\000u\000n\000d}{subsection.72}% 53
\BOOKMARK [3][-]{subsubsection.76}{\376\377\000T\000h\000o\000m\000p\000s\000o\000n\000\040\000S\000a\000m\000p\000l\000i\000n\000g}{subsection.72}% 54
\BOOKMARK [2][-]{subsection.79}{\376\377\000I\000n\000f\000o\000r\000m\000a\000t\000i\000o\000n\000-\000T\000h\000e\000o\000r\000e\000t\000i\000c\000\040\000A\000c\000q\000u\000i\000s\000i\000t\000i\000o\000n\000\040\000F\000u\000n\000c\000t\000i\000o\000n\000s}{section.65}% 55
\BOOKMARK [3][-]{subsubsection.80}{\376\377\000E\000n\000t\000r\000o\000p\000y\000\040\000S\000e\000a\000r\000c\000h}{subsection.79}% 56
\BOOKMARK [3][-]{subsubsection.81}{\376\377\000P\000r\000e\000d\000i\000c\000t\000i\000v\000e\000\040\000E\000n\000t\000r\000o\000p\000y\000\040\000S\000e\000a\000r\000c\000h}{subsection.79}% 57
\BOOKMARK [3][-]{subsubsection.82}{\376\377\000M\000a\000x\000-\000v\000a\000l\000u\000e\000\040\000E\000n\000t\000r\000o\000p\000y\000\040\000S\000e\000a\000r\000c\000h}{subsection.79}% 58
\BOOKMARK [3][-]{subsubsection.83}{\376\377\000K\000n\000o\000w\000l\000e\000d\000g\000e\000\040\000G\000r\000a\000d\000i\000e\000n\000t}{subsection.79}% 59
\BOOKMARK [2][-]{subsection.84}{\376\377\000B\000a\000n\000d\000i\000t\000-\000b\000a\000s\000e\000d\000\040\000O\000p\000t\000i\000m\000i\000z\000a\000t\000i\000o\000n}{section.65}% 60
\BOOKMARK [3][-]{subsubsection.85}{\376\377\000M\000u\000l\000t\000i\000-\000a\000r\000m\000e\000d\000\040\000B\000a\000n\000d\000i\000t\000s}{subsection.84}% 61
\BOOKMARK [3][-]{subsubsection.87}{\376\377\000A\000l\000g\000o\000r\000i\000t\000h\000m\000s\000\040\000f\000o\000r\000\040\000M\000A\000B}{subsection.84}% 62
\BOOKMARK [3][-]{subsubsection.91}{\376\377\000C\000o\000n\000t\000e\000x\000t\000u\000a\000l\000\040\000B\000a\000n\000d\000i\000t\000s}{subsection.84}% 63
\BOOKMARK [3][-]{subsubsection.99}{\376\377\000L\000i\000n\000e\000a\000r\000\040\000B\000a\000n\000d\000i\000t\000s}{subsection.84}% 64
\BOOKMARK [3][-]{subsubsection.116}{\376\377\000N\000o\000n\000-\000L\000i\000n\000e\000a\000r\000\040\000B\000a\000n\000d\000i\000t\000s}{subsection.84}% 65
\BOOKMARK [3][-]{subsubsection.134}{\376\377\000T\000h\000e\000\040\000C\000o\000n\000n\000e\000c\000t\000i\000o\000n\000\040\000B\000e\000t\000w\000e\000e\000n\000\040\000B\000a\000n\000d\000i\000t\000-\000b\000a\000s\000e\000d\000\040\000O\000p\000t\000i\000m\000i\000z\000a\000t\000i\000o\000n\000\040\000a\000n\000d\000\040\000B\000l\000a\000c\000k\000-\000b\000o\000x\000\040\000O\000p\000t\000i\000m\000i\000z\000a\000t\000i\000o\000n}{subsection.84}% 66
\BOOKMARK [2][-]{subsection.135}{\376\377\000P\000e\000r\000f\000o\000r\000m\000a\000n\000c\000e\000\040\000M\000e\000t\000r\000i\000c\000s\000\040\000i\000n\000\040\000B\000l\000a\000c\000k\000-\000b\000o\000x\000\040\000O\000p\000t\000i\000m\000i\000z\000a\000t\000i\000o\000n}{section.65}% 67
\BOOKMARK [3][-]{subsubsection.136}{\376\377\000S\000i\000m\000p\000l\000e\000\040\000R\000e\000g\000r\000e\000t}{subsection.135}% 68
\BOOKMARK [3][-]{subsubsection.137}{\376\377\000C\000u\000m\000u\000l\000a\000t\000i\000v\000e\000\040\000R\000e\000g\000r\000e\000t}{subsection.135}% 69
\BOOKMARK [3][-]{subsubsection.138}{\376\377\000C\000o\000m\000p\000a\000r\000i\000s\000o\000n\000\040\000a\000n\000d\000\040\000R\000e\000l\000e\000v\000a\000n\000c\000e}{subsection.135}% 70
\BOOKMARK [1][-]{section.139}{\376\377\000B\000l\000a\000c\000k\000-\000b\000o\000x\000\040\000O\000p\000t\000i\000m\000i\000z\000a\000t\000i\000o\000n\000\040\000w\000i\000t\000h\000\040\000U\000n\000k\000n\000o\000w\000n\000\040\000B\000l\000a\000c\000k\000-\000b\000o\000x\000\040\000C\000o\000n\000s\000t\000r\000a\000i\000n\000t\000s}{chapter.21}% 71
\BOOKMARK [1][-]{section.141}{\376\377\000B\000l\000a\000c\000k\000-\000b\000o\000x\000\040\000O\000p\000t\000i\000m\000i\000z\000a\000t\000i\000o\000n\000\040\000w\000i\000t\000h\000\040\000P\000h\000y\000s\000i\000c\000a\000l\000\040\000I\000n\000f\000o\000r\000m\000a\000t\000i\000o\000n}{chapter.21}% 72
\BOOKMARK [1][-]{section.142}{\376\377\000O\000p\000e\000n\000\040\000P\000r\000o\000b\000l\000e\000m\000s\000\040\000i\000n\000\040\000B\000l\000a\000c\000k\000-\000b\000o\000x\000\040\000O\000p\000t\000i\000m\000i\000z\000a\000t\000i\000o\000n}{chapter.21}% 73
\BOOKMARK [0][-]{chapter.143}{\376\377\000B\000l\000a\000c\000k\000-\000b\000o\000x\000\040\000O\000p\000t\000i\000m\000i\000z\000a\000t\000i\000o\000n\000\040\000A\000l\000g\000o\000r\000i\000t\000h\000m\000\040\000u\000s\000i\000n\000g\000\040\000D\000e\000e\000p\000\040\000N\000e\000u\000r\000a\000l\000\040\000N\000e\000t\000w\000o\000r\000k\000s}{}% 74
\BOOKMARK [1][-]{section.144}{\376\377\000P\000r\000o\000b\000l\000e\000m\000\040\000S\000e\000t\000t\000i\000n\000g}{chapter.143}% 75
\BOOKMARK [1][-]{section.145}{\376\377\000P\000r\000o\000p\000o\000s\000e\000d\000\040\000N\000e\000u\000r\000a\000l\000-\000B\000O\000\040\000M\000e\000t\000h\000o\000d}{chapter.143}% 76
\BOOKMARK [1][-]{section.149}{\376\377\000T\000h\000e\000o\000r\000e\000t\000i\000c\000a\000l\000\040\000A\000n\000a\000l\000y\000s\000i\000s}{chapter.143}% 77
\BOOKMARK [1][-]{section.164}{\376\377\000E\000x\000p\000e\000r\000i\000m\000e\000n\000t\000s}{chapter.143}% 78
\BOOKMARK [2][-]{subsection.165}{\376\377\000E\000x\000p\000e\000r\000i\000m\000e\000n\000t\000a\000l\000\040\000S\000e\000t\000u\000p}{section.164}% 79
\BOOKMARK [2][-]{subsection.170}{\376\377\000S\000y\000n\000t\000h\000e\000t\000i\000c\000\040\000B\000e\000n\000c\000h\000m\000a\000r\000k\000\040\000F\000u\000n\000c\000t\000i\000o\000n\000s}{section.164}% 80
\BOOKMARK [2][-]{subsection.177}{\376\377\000R\000e\000a\000l\000-\000w\000o\000r\000l\000d\000\040\000A\000p\000p\000l\000i\000c\000a\000t\000i\000o\000n\000s}{section.164}% 81
\BOOKMARK [3][-]{subsubsection.178}{\376\377\000D\000e\000s\000i\000g\000n\000i\000n\000g\000\040\000S\000e\000n\000s\000i\000t\000i\000v\000e\000\040\000S\000a\000m\000p\000l\000e\000s\000\040\000f\000o\000r\000\040\000D\000e\000t\000e\000c\000t\000i\000o\000n\000\040\000o\000f\000\040\000M\000o\000d\000e\000l\000\040\000T\000a\000m\000p\000e\000r\000i\000n\000g}{subsection.177}% 82
\BOOKMARK [3][-]{subsubsection.180}{\376\377\000U\000n\000k\000n\000o\000w\000n\000\040\000t\000a\000r\000g\000e\000t\000\040\000d\000o\000c\000u\000m\000e\000n\000t\000\040\000r\000e\000t\000r\000i\000e\000v\000a\000l}{subsection.177}% 83
\BOOKMARK [3][-]{subsubsection.183}{\376\377\000O\000p\000t\000i\000m\000i\000z\000i\000n\000g\000\040\000c\000o\000n\000t\000r\000o\000l\000\040\000p\000a\000r\000a\000m\000e\000t\000e\000r\000s\000\040\000f\000o\000r\000\040\000r\000o\000b\000o\000t\000\040\000p\000u\000s\000h\000i\000n\000g}{subsection.177}% 84
\BOOKMARK [1][-]{section.185}{\376\377\000C\000o\000n\000c\000l\000u\000s\000i\000o\000n}{chapter.143}% 85
\BOOKMARK [0][-]{chapter.186}{\376\377\000B\000l\000a\000c\000k\000-\000b\000o\000x\000\040\000O\000p\000t\000i\000m\000i\000z\000a\000t\000i\000o\000n\000\040\000w\000i\000t\000h\000\040\000U\000n\000k\000n\000o\000w\000n\000\040\000C\000o\000n\000s\000t\000r\000a\000i\000n\000t\000s\000\040\000v\000i\000a\000\040\000O\000v\000e\000r\000p\000a\000r\000a\000m\000e\000t\000e\000r\000i\000z\000e\000d\000\040\000D\000e\000e\000p\000\040\000N\000e\000u\000r\000a\000l\000\040\000N\000e\000t\000w\000o\000r\000k\000s}{}% 86
\BOOKMARK [1][-]{section.187}{\376\377\000P\000r\000o\000b\000l\000e\000m\000\040\000S\000e\000t\000t\000i\000n\000g}{chapter.186}% 87
\BOOKMARK [1][-]{section.188}{\376\377\000P\000r\000o\000p\000o\000s\000e\000d\000\040\000N\000e\000u\000r\000a\000l\000-\000C\000B\000O\000\040\000M\000e\000t\000h\000o\000d}{chapter.186}% 88
\BOOKMARK [2][-]{subsection.189}{\376\377\000T\000h\000e\000\040\000D\000e\000e\000p\000\040\000N\000e\000u\000r\000a\000l\000\040\000N\000e\000t\000w\000o\000r\000k\000\040\000f\000o\000r\000\040\000a\000n\000\040\000A\000r\000b\000i\000t\000r\000a\000r\000y\000\040\000F\000u\000n\000c\000t\000i\000o\000n\000\040\000f\000a}{section.188}% 89
\BOOKMARK [2][-]{subsection.207}{\376\377\000N\000e\000u\000r\000a\000l\000-\000C\000B\000O\000\040\000A\000l\000g\000o\000r\000i\000t\000h\000m}{section.188}% 90
\BOOKMARK [1][-]{section.210}{\376\377\000T\000h\000e\000o\000r\000e\000t\000i\000c\000a\000l\000\040\000A\000n\000a\000l\000y\000s\000i\000s}{chapter.186}% 91
\BOOKMARK [1][-]{section.218}{\376\377\000E\000x\000p\000e\000r\000i\000m\000e\000n\000t\000s}{chapter.186}% 92
\BOOKMARK [2][-]{subsection.219}{\376\377\000E\000x\000p\000e\000r\000i\000m\000e\000n\000t\000a\000l\000\040\000S\000e\000t\000u\000p}{section.218}% 93
\BOOKMARK [2][-]{subsection.221}{\376\377\000S\000y\000n\000t\000h\000e\000t\000i\000c\000\040\000B\000e\000n\000c\000h\000m\000a\000r\000k\000\040\000F\000u\000n\000c\000t\000i\000o\000n\000s}{section.218}% 94
\BOOKMARK [2][-]{subsection.225}{\376\377\000R\000e\000a\000l\000-\000w\000o\000r\000l\000d\000\040\000A\000p\000p\000l\000i\000c\000a\000t\000i\000o\000n\000s}{section.218}% 95
\BOOKMARK [3][-]{subsubsection.226}{\376\377\000G\000a\000s\000\040\000T\000r\000a\000n\000s\000m\000i\000s\000s\000i\000o\000n\000\040\000C\000o\000m\000p\000r\000e\000s\000s\000o\000r\000\040\000D\000e\000s\000i\000g\000n}{subsection.225}% 96
\BOOKMARK [3][-]{subsubsection.227}{\376\377\000S\000p\000e\000e\000d\000\040\000R\000e\000d\000u\000c\000e\000r\000\040\000D\000e\000s\000i\000g\000n}{subsection.225}% 97
\BOOKMARK [3][-]{subsubsection.228}{\376\377\000D\000e\000s\000i\000g\000n\000i\000n\000g\000\040\000S\000e\000n\000s\000i\000t\000i\000v\000e\000\040\000S\000a\000m\000p\000l\000e\000s\000\040\000f\000o\000r\000\040\000M\000o\000d\000e\000l\000\040\000T\000a\000m\000p\000e\000r\000i\000n\000g\000\040\000D\000e\000t\000e\000c\000t\000i\000o\000n}{subsection.225}% 98
\BOOKMARK [1][-]{section.230}{\376\377\000C\000o\000n\000c\000l\000u\000s\000i\000o\000n}{chapter.186}% 99
\BOOKMARK [0][-]{chapter.231}{\376\377\000B\000l\000a\000c\000k\000-\000B\000o\000x\000\040\000O\000p\000t\000i\000m\000i\000z\000a\000t\000i\000o\000n\000\040\000A\000l\000g\000o\000r\000i\000t\000h\000m\000\040\000U\000s\000i\000n\000g\000\040\000P\000h\000y\000s\000i\000c\000s\000-\000I\000n\000f\000o\000r\000m\000e\000d\000\040\000N\000e\000u\000r\000a\000l\000\040\000N\000e\000t\000w\000o\000r\000k\000s}{}% 100
\BOOKMARK [1][-]{section.232}{\376\377\000P\000r\000o\000b\000l\000e\000m\000\040\000S\000e\000t\000t\000i\000n\000g}{chapter.231}% 101
\BOOKMARK [1][-]{section.237}{\376\377\000P\000r\000o\000p\000o\000s\000e\000d\000\040\000P\000I\000N\000N\000-\000B\000O\000\040\000M\000e\000t\000h\000o\000d}{chapter.231}% 102
\BOOKMARK [1][-]{section.240}{\376\377\000T\000h\000e\000o\000r\000e\000t\000i\000c\000a\000l\000\040\000A\000n\000a\000l\000y\000s\000i\000s}{chapter.231}% 103
\BOOKMARK [1][-]{section.265}{\376\377\000E\000x\000p\000e\000r\000i\000m\000e\000n\000t\000s}{chapter.231}% 104
\BOOKMARK [2][-]{subsection.266}{\376\377\000E\000x\000p\000e\000r\000i\000m\000e\000n\000t\000a\000l\000\040\000S\000e\000t\000u\000p}{section.265}% 105
\BOOKMARK [2][-]{subsection.267}{\376\377\000S\000y\000n\000t\000h\000e\000t\000i\000c\000\040\000B\000e\000n\000c\000h\000m\000a\000r\000k\000\040\000F\000u\000n\000c\000t\000i\000o\000n\000s}{section.265}% 106
\BOOKMARK [2][-]{subsection.269}{\376\377\000R\000e\000a\000l\000-\000w\000o\000r\000l\000d\000\040\000A\000p\000p\000l\000i\000c\000a\000t\000i\000o\000n\000s}{section.265}% 107
\BOOKMARK [3][-]{subsubsection.270}{\376\377\000O\000p\000t\000i\000m\000i\000z\000i\000n\000g\000\040\000S\000t\000e\000a\000d\000y\000-\000S\000t\000a\000t\000e\000\040\000T\000e\000m\000p\000e\000r\000a\000t\000u\000r\000e}{subsection.269}% 108
\BOOKMARK [3][-]{subsubsection.276}{\376\377\000O\000p\000t\000i\000m\000i\000z\000i\000n\000g\000\040\000B\000e\000a\000m\000\040\000D\000i\000s\000p\000l\000a\000c\000e\000m\000e\000n\000t}{subsection.269}% 109
\BOOKMARK [1][-]{section.278}{\376\377\000C\000o\000n\000c\000l\000u\000s\000i\000o\000n}{chapter.231}% 110
\BOOKMARK [0][-]{chapter.279}{\376\377\000C\000o\000n\000c\000l\000u\000s\000i\000o\000n}{}% 111
\BOOKMARK [1][-]{section.280}{\376\377\000C\000o\000n\000t\000r\000i\000b\000u\000t\000i\000o\000n\000s}{chapter.279}% 112
\BOOKMARK [1][-]{section.281}{\376\377\000L\000i\000m\000i\000t\000a\000t\000i\000o\000n\000s}{chapter.279}% 113
\BOOKMARK [1][-]{section.282}{\376\377\000F\000u\000t\000u\000r\000e\000\040\000D\000i\000r\000e\000c\000t\000i\000o\000n\000s}{chapter.279}% 114
\BOOKMARK [0][-]{appendix.283}{\376\377\000S\000u\000p\000p\000l\000e\000m\000e\000n\000t\000a\000r\000y\000\040\000M\000a\000t\000e\000r\000i\000a\000l\000\040\000o\000f\000\040\000C\000h\000a\000p\000t\000e\000r\000\040\0003}{}% 115
\BOOKMARK [1][-]{section.284}{\376\377\000P\000r\000o\000o\000f\000\040\000o\000f\000\040\000T\000h\000e\000o\000r\000e\000t\000i\000c\000a\000l\000\040\000A\000n\000a\000l\000y\000s\000i\000s\000\040\000i\000n\000\040\000C\000h\000a\000p\000t\000e\000r\000\040\0003}{appendix.283}% 116
\BOOKMARK [2][-]{subsection.285}{\376\377\000M\000a\000i\000n\000\040\000l\000e\000m\000m\000a\000s}{section.284}% 117
\BOOKMARK [2][-]{subsection.307}{\376\377\000P\000r\000o\000o\000f\000\040\000o\000f\000\040\000T\000h\000e\000o\000r\000e\000m\000\040\0003\000.\0003\000.\0005}{section.284}% 118
\BOOKMARK [2][-]{subsection.310}{\376\377\000A\000u\000x\000i\000l\000i\000a\000r\000y\000\040\000L\000e\000m\000m\000a\000s}{section.284}% 119
\BOOKMARK [2][-]{subsection.323}{\376\377\000P\000r\000o\000o\000f\000\040\000o\000f\000\040\000A\000u\000x\000i\000l\000i\000a\000r\000y\000\040\000L\000e\000m\000m\000a\000s}{section.284}% 120
\BOOKMARK [3][-]{subsubsection.324}{\376\377\000P\000r\000o\000o\000f\000\040\000o\000f\000\040\000L\000e\000m\000m\000a\000\040\000A\000.\0001\000.\0003\000.\0002}{subsection.323}% 121
\BOOKMARK [3][-]{subsubsection.332}{\376\377\000P\000r\000o\000o\000f\000\040\000o\000f\000\040\000L\000e\000m\000m\000a\000\040\000A\000.\0001\000.\0003\000.\0003}{subsection.323}% 122
\BOOKMARK [3][-]{subsubsection.335}{\376\377\000P\000r\000o\000o\000f\000\040\000o\000f\000\040\000L\000e\000m\000m\000a\000\040\000A\000.\0001\000.\0003\000.\0004}{subsection.323}% 123
\BOOKMARK [3][-]{subsubsection.336}{\376\377\000P\000r\000o\000o\000f\000\040\000o\000f\000\040\000L\000e\000m\000m\000a\000\040\000A\000.\0001\000.\0003\000.\0006}{subsection.323}% 124
\BOOKMARK [0][-]{appendix.337}{\376\377\000S\000u\000p\000p\000l\000e\000m\000e\000n\000t\000a\000r\000y\000\040\000M\000a\000t\000e\000r\000i\000a\000l\000\040\000o\000f\000\040\000C\000h\000a\000p\000t\000e\000r\000\040\0004}{}% 125
\BOOKMARK [1][-]{section.338}{\376\377\000A\000d\000d\000i\000t\000i\000o\000n\000a\000l\000\040\000E\000x\000p\000e\000r\000i\000m\000e\000n\000t\000a\000l\000\040\000D\000e\000t\000a\000i\000l\000s}{appendix.337}% 126
\BOOKMARK [1][-]{section.343}{\376\377\000F\000u\000r\000t\000h\000e\000r\000\040\000R\000e\000s\000u\000l\000t\000s}{appendix.337}% 127
\BOOKMARK [1][-]{section.350}{\376\377\000P\000r\000o\000o\000f\000\040\000o\000f\000\040\000T\000h\000e\000o\000r\000e\000t\000i\000c\000a\000l\000\040\000R\000e\000s\000u\000l\000t\000s\000\040\000i\000n\000\040\000C\000h\000a\000p\000t\000e\000r\000\040\0004}{appendix.337}% 128
\BOOKMARK [2][-]{subsection.356}{\376\377\000P\000r\000o\000o\000f\000\040\000o\000f\000\040\000L\000e\000m\000m\000a\000\040\0004\000.\0002\000.\0005}{section.350}% 129
\BOOKMARK [2][-]{subsection.361}{\376\377\000P\000r\000o\000o\000f\000\040\000o\000f\000\040\000T\000h\000e\000o\000r\000e\000m\000\040\0004\000.\0003\000.\0002}{section.350}% 130
\BOOKMARK [2][-]{subsection.366}{\376\377\000A\000u\000x\000i\000l\000i\000a\000r\000y\000\040\000L\000e\000m\000m\000a\000s}{section.350}% 131
\BOOKMARK [2][-]{subsection.391}{\376\377\000P\000r\000o\000o\000f\000\040\000o\000f\000\040\000A\000u\000x\000i\000l\000i\000a\000r\000y\000\040\000L\000e\000m\000m\000a\000s}{section.350}% 132
\BOOKMARK [3][-]{subsubsection.392}{\376\377\000P\000r\000o\000o\000f\000\040\000o\000f\000\040\000L\000e\000m\000m\000a\000\040\000B\000.\0003\000.\0003\000.\0005}{subsection.391}% 133
\BOOKMARK [3][-]{subsubsection.393}{\376\377\000P\000r\000o\000o\000f\000\040\000o\000f\000\040\000L\000e\000m\000m\000a\000\040\000B\000.\0003\000.\0003\000.\0008}{subsection.391}% 134
\BOOKMARK [3][-]{subsubsection.394}{\376\377\000P\000r\000o\000o\000f\000\040\000o\000f\000\040\000L\000e\000m\000m\000a\000\040\000B\000.\0003\000.\0003\000.\0009}{subsection.391}% 135
\BOOKMARK [3][-]{subsubsection.395}{\376\377\000P\000r\000o\000o\000f\000\040\000o\000f\000\040\000L\000e\000m\000m\000a\000\040\000B\000.\0003\000.\0003\000.\0001\0001}{subsection.391}% 136
\BOOKMARK [0][-]{appendix.396}{\376\377\000S\000u\000p\000p\000l\000e\000m\000e\000n\000t\000a\000r\000y\000\040\000M\000a\000t\000e\000r\000i\000a\000l\000\040\000o\000f\000\040\000C\000h\000a\000p\000t\000e\000r\000\040\0005}{}% 137
\BOOKMARK [1][-]{section.397}{\376\377\000A\000d\000d\000i\000t\000i\000o\000n\000a\000l\000\040\000E\000x\000p\000e\000r\000i\000m\000e\000n\000t\000a\000l\000\040\000D\000e\000t\000a\000i\000l\000s}{appendix.396}% 138
\BOOKMARK [1][-]{section.403}{\376\377\000P\000r\000o\000o\000f\000\040\000o\000f\000\040\000T\000h\000e\000o\000r\000e\000t\000i\000c\000a\000l\000\040\000R\000e\000s\000u\000l\000t\000s\000\040\000i\000n\000\040\000C\000h\000a\000p\000t\000e\000r\000\040\0005}{appendix.396}% 139
\BOOKMARK [2][-]{subsection.404}{\376\377\000P\000r\000o\000o\000f\000\040\000o\000f\000\040\000L\000e\000m\000m\000a\000\040\0005\000.\0003\000.\0004}{section.403}% 140
\BOOKMARK [2][-]{subsection.409}{\376\377\000P\000r\000o\000o\000f\000\040\000o\000f\000\040\000L\000e\000m\000m\000a\000\040\0005\000.\0003\000.\0006}{section.403}% 141
\BOOKMARK [2][-]{subsection.420}{\376\377\000P\000r\000o\000o\000f\000\040\000o\000f\000\040\000L\000e\000m\000m\000a\000\040\0005\000.\0003\000.\0008}{section.403}% 142
\BOOKMARK [2][-]{subsection.427}{\376\377\000P\000r\000o\000o\000f\000\040\000o\000f\000\040\000T\000h\000e\000o\000r\000e\000m\000\040\0005\000.\0003\000.\0001\0001}{section.403}% 143
\BOOKMARK [2][-]{subsection.430}{\376\377\000A\000u\000x\000i\000l\000i\000a\000r\000y\000\040\000L\000e\000m\000m\000a\000s}{section.403}% 144
\BOOKMARK [2][-]{subsection.453}{\376\377\000P\000r\000o\000o\000f\000\040\000o\000f\000\040\000A\000u\000x\000i\000l\000i\000a\000r\000y\000\040\000L\000e\000m\000m\000a\000s}{section.403}% 145
\BOOKMARK [3][-]{subsubsection.454}{\376\377\000P\000r\000o\000o\000f\000\040\000o\000f\000\040\000C\000o\000r\000o\000l\000l\000a\000r\000y\000\040\000C\000.\0002\000.\0005\000.\0002}{subsection.453}% 146
\BOOKMARK [3][-]{subsubsection.455}{\376\377\000P\000r\000o\000o\000f\000\040\000o\000f\000\040\000L\000e\000m\000m\000a\000\040\000C\000.\0002\000.\0005\000.\0003}{subsection.453}% 147
\BOOKMARK [3][-]{subsubsection.460}{\376\377\000P\000r\000o\000o\000f\000\040\000o\000f\000\040\000C\000o\000r\000o\000l\000l\000a\000r\000y\000\040\000C\000.\0002\000.\0005\000.\0004}{subsection.453}% 148
\BOOKMARK [3][-]{subsubsection.461}{\376\377\000P\000r\000o\000o\000f\000\040\000o\000f\000\040\000L\000e\000m\000m\000a\000\040\000C\000.\0002\000.\0005\000.\0007}{subsection.453}% 149
\BOOKMARK [3][-]{subsubsection.462}{\376\377\000P\000r\000o\000o\000f\000\040\000o\000f\000\040\000L\000e\000m\000m\000a\000\040\000C\000.\0002\000.\0005\000.\0008}{subsection.453}% 150
\BOOKMARK [0][-]{appendix*.465}{\376\377\000B\000i\000b\000l\000i\000o\000g\000r\000a\000p\000h\000y}{}% 151
