This is pdfTeX, Version 3.141592653-2.6-1.40.26 (MiKTeX 24.4) (preloaded format=pdflatex 2025.1.29)  17 JUL 2025 16:22
entering extended mode
 restricted \write18 enabled.
 file:line:error style messages enabled.
 %&-line parsing enabled.
**"c:/Users/phant/Desktop/Documents/Dat's Ph.D. Thesis/Thesis/main.tex"
(c:/Users/phant/Desktop/Documents/Dat's Ph.D. Thesis/Thesis/main.tex
LaTeX2e <2024-11-01> patch level 1
L3 programming layer <2024-12-25>
(MastersDoctoralThesis.cls
Document Class: MastersDoctoralThesis 2016/11/22 v1.5 LaTeXTemplates.com
(C:\Users\phant\AppData\Local\Programs\MiKTeX\tex/latex/etoolbox\etoolbox.sty
Package: etoolbox 2020/10/05 v2.5k e-TeX tools for LaTeX (JAW)
\etb@tempcnta=\count196
) (C:\Users\phant\AppData\Local\Programs\MiKTeX\tex/latex/l3packages/xparse\xparse.sty (C:\Users\phant\AppData\Local\Programs\MiKTeX\tex/latex/l3kernel\expl3.sty
Package: expl3 2024-12-25 L3 programming layer (loader) 
 (C:\Users\phant\AppData\Local\Programs\MiKTeX\tex/latex/l3backend\l3backend-pdftex.def
File: l3backend-pdftex.def 2024-05-08 L3 backend support: PDF output (pdfTeX)
\l__color_backend_stack_int=\count197
\l__pdf_internal_box=\box52
))
Package: xparse 2024-08-16 L3 Experimental document command parser
) (C:\Users\phant\AppData\Local\Programs\MiKTeX\tex/latex/base\book.cls
Document Class: book 2024/06/29 v1.4n Standard LaTeX document class
(C:\Users\phant\AppData\Local\Programs\MiKTeX\tex/latex/base\bk12.clo
File: bk12.clo 2024/06/29 v1.4n Standard LaTeX file (size option)
)
\c@part=\count198
\c@chapter=\count199
\c@section=\count266
\c@subsection=\count267
\c@subsubsection=\count268
\c@paragraph=\count269
\c@subparagraph=\count270
\c@figure=\count271
\c@table=\count272
\abovecaptionskip=\skip49
\belowcaptionskip=\skip50
\bibindent=\dimen141
) (C:\Users\phant\AppData\Local\Programs\MiKTeX\tex/generic/babel\babel.sty
Package: babel 2025/01/01 v25.1 The multilingual framework for pdfLaTeX, LuaLaTeX and XeLaTeX
\babel@savecnt=\count273
\U@D=\dimen142
\l@unhyphenated=\language79
 (C:\Users\phant\AppData\Local\Programs\MiKTeX\tex/generic/babel\txtbabel.def)
\bbl@readstream=\read2
\bbl@dirlevel=\count274

*************************************
* Local config file bblopts.cfg used
*
(C:\Users\phant\AppData\Local\Programs\MiKTeX\tex/latex/arabi\bblopts.cfg
File: bblopts.cfg 2005/09/08 v0.1 add Arabic and Farsi to "declared" options of babel
) (C:\Users\phant\AppData\Local\Programs\MiKTeX\tex/latex/babel-english\english.ldf
Language: english 2017/06/06 v3.3r English support from the babel system
Package babel Info: Hyphen rules for 'canadian' set to \l@english
(babel)             (\language0). Reported on input line 102.
Package babel Info: Hyphen rules for 'australian' set to \l@ukenglish
(babel)             (\language73). Reported on input line 105.
Package babel Info: Hyphen rules for 'newzealand' set to \l@ukenglish
(babel)             (\language73). Reported on input line 108.
)) (C:\Users\phant\AppData\Local\Programs\MiKTeX\tex/generic/babel/locale/en\babel-english.tex
Package babel Info: Importing font and identification data for english
(babel)             from babel-en.ini. Reported on input line 11.
) (C:\Users\phant\AppData\Local\Programs\MiKTeX\tex/latex/koma-script\scrbase.sty
Package: scrbase 2024/10/24 v3.43 KOMA-Script package (KOMA-Script-independent basics and keyval usage)
 (C:\Users\phant\AppData\Local\Programs\MiKTeX\tex/latex/koma-script\scrlfile.sty
Package: scrlfile 2024/10/24 v3.43 KOMA-Script package (file load hooks)
 (C:\Users\phant\AppData\Local\Programs\MiKTeX\tex/latex/koma-script\scrlfile-hook.sty
Package: scrlfile-hook 2024/10/24 v3.43 KOMA-Script package (using LaTeX hooks)
 (C:\Users\phant\AppData\Local\Programs\MiKTeX\tex/latex/koma-script\scrlogo.sty
Package: scrlogo 2024/10/24 v3.43 KOMA-Script package (logo)
))) (C:\Users\phant\AppData\Local\Programs\MiKTeX\tex/latex/graphics\keyval.sty
Package: keyval 2022/05/29 v1.15 key=value parser (DPC)
\KV@toks@=\toks17
)
Applying: [2021/05/01] Usage of raw or classic option list on input line 254.
Already applied: [0000/00/00] Usage of raw or classic option list on input line 370.
) (C:\Users\phant\AppData\Local\Programs\MiKTeX\tex/latex/scrhack\scrhack.sty
Package: scrhack 2024-09-04 v3.42 scrhack emulation package
) (C:\Users\phant\AppData\Local\Programs\MiKTeX\tex/latex/setspace\setspace.sty
Package: setspace 2022/12/04 v6.7b set line spacing
) (C:\Users\phant\AppData\Local\Programs\MiKTeX\tex/latex/setspaceenhanced\setspaceenhanced.sty
Package: setspaceenhanced 2024-11-12 v1.04 improved setspace package
) (C:\Users\phant\AppData\Local\Programs\MiKTeX\tex/latex/tools\longtable.sty
Package: longtable 2024-10-27 v4.22 Multi-page Table package (DPC)
\LTleft=\skip51
\LTright=\skip52
\LTpre=\skip53
\LTpost=\skip54
\LTchunksize=\count275
\LTcapwidth=\dimen143
\LT@head=\box53
\LT@firsthead=\box54
\LT@foot=\box55
\LT@lastfoot=\box56
\LT@gbox=\box57
\LT@cols=\count276
\LT@rows=\count277
\c@LT@tables=\count278
\c@LT@chunks=\count279
\LT@p@ftn=\toks18
) (C:\Users\phant\AppData\Local\Programs\MiKTeX\tex/latex/siunitx\siunitx.sty
Package: siunitx 2025-01-17 v3.4.2 A comprehensive (SI) units package
\l__siunitx_number_uncert_offset_int=\count280
\l__siunitx_number_exponent_fixed_int=\count281
\l__siunitx_number_min_decimal_int=\count282
\l__siunitx_number_min_integer_int=\count283
\l__siunitx_number_round_precision_int=\count284
\l__siunitx_number_lower_threshold_int=\count285
\l__siunitx_number_upper_threshold_int=\count286
\l__siunitx_number_group_first_int=\count287
\l__siunitx_number_group_size_int=\count288
\l__siunitx_number_group_minimum_int=\count289
\l__siunitx_angle_tmp_dim=\dimen144
\l__siunitx_angle_marker_box=\box58
\l__siunitx_angle_unit_box=\box59
\l__siunitx_compound_count_int=\count290
 (C:\Users\phant\AppData\Local\Programs\MiKTeX\tex/latex/translations\translations.sty
Package: translations 2022/02/05 v1.12 internationalization of LaTeX2e packages (CN)
 (C:\Users\phant\AppData\Local\Programs\MiKTeX\tex/generic/pdftexcmds\pdftexcmds.sty
Package: pdftexcmds 2020-06-27 v0.33 Utility functions of pdfTeX for LuaTeX (HO)
 (C:\Users\phant\AppData\Local\Programs\MiKTeX\tex/generic/infwarerr\infwarerr.sty
Package: infwarerr 2019/12/03 v1.5 Providing info/warning/error messages (HO)
) (C:\Users\phant\AppData\Local\Programs\MiKTeX\tex/generic/iftex\iftex.sty
Package: iftex 2024/12/12 v1.0g TeX engine tests
) (C:\Users\phant\AppData\Local\Programs\MiKTeX\tex/generic/ltxcmds\ltxcmds.sty
Package: ltxcmds 2023-12-04 v1.26 LaTeX kernel commands for general use (HO)
)
Package pdftexcmds Info: \pdf@primitive is available.
Package pdftexcmds Info: \pdf@ifprimitive is available.
Package pdftexcmds Info: \pdfdraftmode found.
)) (C:\Users\phant\AppData\Local\Programs\MiKTeX\tex/latex/amsmath\amstext.sty
Package: amstext 2021/08/26 v2.01 AMS text
 (C:\Users\phant\AppData\Local\Programs\MiKTeX\tex/latex/amsmath\amsgen.sty
File: amsgen.sty 1999/11/30 v2.0 generic functions
\@emptytoks=\toks19
\ex@=\dimen145
))
\l__siunitx_table_tmp_box=\box60
\l__siunitx_table_tmp_dim=\dimen146
\l__siunitx_table_column_width_dim=\dimen147
\l__siunitx_table_integer_box=\box61
\l__siunitx_table_decimal_box=\box62
\l__siunitx_table_uncert_box=\box63
\l__siunitx_table_before_box=\box64
\l__siunitx_table_after_box=\box65
\l__siunitx_table_before_dim=\dimen148
\l__siunitx_table_carry_dim=\dimen149
\l__siunitx_unit_tmp_int=\count291
\l__siunitx_unit_position_int=\count292
\l__siunitx_unit_total_int=\count293
 (C:\Users\phant\AppData\Local\Programs\MiKTeX\tex/latex/tools\array.sty
Package: array 2024/10/17 v2.6g Tabular extension package (FMi)
\col@sep=\dimen150
\ar@mcellbox=\box66
\extrarowheight=\dimen151
\NC@list=\toks20
\extratabsurround=\skip55
\backup@length=\skip56
\ar@cellbox=\box67
)) (C:\Users\phant\AppData\Local\Programs\MiKTeX\tex/latex/graphics\graphicx.sty
Package: graphicx 2021/09/16 v1.2d Enhanced LaTeX Graphics (DPC,SPQR)
 (C:\Users\phant\AppData\Local\Programs\MiKTeX\tex/latex/graphics\graphics.sty
Package: graphics 2024/08/06 v1.4g Standard LaTeX Graphics (DPC,SPQR)
 (C:\Users\phant\AppData\Local\Programs\MiKTeX\tex/latex/graphics\trig.sty
Package: trig 2023/12/02 v1.11 sin cos tan (DPC)
) (C:\Users\phant\AppData\Local\Programs\MiKTeX\tex/latex/graphics-cfg\graphics.cfg
File: graphics.cfg 2016/06/04 v1.11 sample graphics configuration
)
Package graphics Info: Driver file: pdftex.def on input line 106.
 (C:\Users\phant\AppData\Local\Programs\MiKTeX\tex/latex/graphics-def\pdftex.def
File: pdftex.def 2024/04/13 v1.2c Graphics/color driver for pdftex
))
\Gin@req@height=\dimen152
\Gin@req@width=\dimen153
) (C:\Users\phant\AppData\Local\Programs\MiKTeX\tex/latex/booktabs\booktabs.sty
Package: booktabs 2020/01/12 v1.61803398 Publication quality tables
\heavyrulewidth=\dimen154
\lightrulewidth=\dimen155
\cmidrulewidth=\dimen156
\belowrulesep=\dimen157
\belowbottomsep=\dimen158
\aboverulesep=\dimen159
\abovetopsep=\dimen160
\cmidrulesep=\dimen161
\cmidrulekern=\dimen162
\defaultaddspace=\dimen163
\@cmidla=\count294
\@cmidlb=\count295
\@aboverulesep=\dimen164
\@belowrulesep=\dimen165
\@thisruleclass=\count296
\@lastruleclass=\count297
\@thisrulewidth=\dimen166
) (C:\Users\phant\AppData\Local\Programs\MiKTeX\tex/latex/caption\caption.sty
Package: caption 2023/08/05 v3.6o Customizing captions (AR)
 (C:\Users\phant\AppData\Local\Programs\MiKTeX\tex/latex/caption\caption3.sty
Package: caption3 2023/07/31 v2.4d caption3 kernel (AR)
\caption@tempdima=\dimen167
\captionmargin=\dimen168
\caption@leftmargin=\dimen169
\caption@rightmargin=\dimen170
\caption@width=\dimen171
\caption@indent=\dimen172
\caption@parindent=\dimen173
\caption@hangindent=\dimen174
Package caption Info: Standard document class detected.
)
\c@caption@flags=\count298
\c@continuedfloat=\count299
Package caption Info: longtable package is loaded.
 (C:\Users\phant\AppData\Local\Programs\MiKTeX\tex/latex/caption\ltcaption.sty
Package: ltcaption 2021/01/08 v1.4c longtable captions (AR)
)) (C:\Users\phant\AppData\Local\Programs\MiKTeX\tex/latex/xcolor\xcolor.sty
Package: xcolor 2024/09/29 v3.02 LaTeX color extensions (UK)
 (C:\Users\phant\AppData\Local\Programs\MiKTeX\tex/latex/graphics-cfg\color.cfg
File: color.cfg 2016/01/02 v1.6 sample color configuration
)
Package xcolor Info: Driver file: pdftex.def on input line 274.
 (C:\Users\phant\AppData\Local\Programs\MiKTeX\tex/latex/graphics\mathcolor.ltx)
Package xcolor Info: Model `cmy' substituted by `cmy0' on input line 1349.
Package xcolor Info: Model `hsb' substituted by `rgb' on input line 1353.
Package xcolor Info: Model `RGB' extended on input line 1365.
Package xcolor Info: Model `HTML' substituted by `rgb' on input line 1367.
Package xcolor Info: Model `Hsb' substituted by `hsb' on input line 1368.
Package xcolor Info: Model `tHsb' substituted by `hsb' on input line 1369.
Package xcolor Info: Model `HSB' substituted by `hsb' on input line 1370.
Package xcolor Info: Model `Gray' substituted by `gray' on input line 1371.
Package xcolor Info: Model `wave' substituted by `hsb' on input line 1372.
) (C:\Users\phant\AppData\Local\Programs\MiKTeX\tex/latex/geometry\geometry.sty
Package: geometry 2020/01/02 v5.9 Page Geometry
 (C:\Users\phant\AppData\Local\Programs\MiKTeX\tex/generic/iftex\ifvtex.sty
Package: ifvtex 2019/10/25 v1.7 ifvtex legacy package. Use iftex instead.
)
\Gm@cnth=\count300
\Gm@cntv=\count301
\c@Gm@tempcnt=\count302
\Gm@bindingoffset=\dimen175
\Gm@wd@mp=\dimen176
\Gm@odd@mp=\dimen177
\Gm@even@mp=\dimen178
\Gm@layoutwidth=\dimen179
\Gm@layoutheight=\dimen180
\Gm@layouthoffset=\dimen181
\Gm@layoutvoffset=\dimen182
\Gm@dimlist=\toks21
 (C:\Users\phant\AppData\Local\Programs\MiKTeX\tex/latex/geometry\geometry.cfg)) (C:\Users\phant\AppData\Local\Programs\MiKTeX\tex/latex/koma-script\scrlayer-scrpage.sty
Package: scrlayer-scrpage 2024/10/24 v3.43 KOMA-Script package (end user interface for scrlayer)
 (C:\Users\phant\AppData\Local\Programs\MiKTeX\tex/latex/koma-script\scrlayer.sty
Package: scrlayer 2024/10/24 v3.43 KOMA-Script package (defining layers and page styles)
 (C:\Users\phant\AppData\Local\Programs\MiKTeX\tex/latex/koma-script\scrkbase.sty
Package: scrkbase 2024/10/24 v3.43 KOMA-Script package (KOMA-Script-dependent basics and keyval usage)
)
\footheight=\skip57
Package scrlayer Info: patching LaTeX kernel macro \pagestyle on input line 2182.
)
Package scrbase Info: Unknown processing state.
(scrbase)             Processing option `markcase=used'
(scrbase)             of member `.scrlayer-scrpage.sty' of family
(scrbase)             `KOMA' doesn't set
(scrbase)             a valid state. This will be interpreted
(scrbase)             as \FamilyKeyStateProcessed on input line 649.
)) (C:\Users\phant\AppData\Local\Programs\MiKTeX\tex/latex/base\inputenc.sty
Package: inputenc 2024/02/08 v1.3d Input encoding file
\inpenc@prehook=\toks22
\inpenc@posthook=\toks23
) (C:\Users\phant\AppData\Local\Programs\MiKTeX\tex/latex/base\fontenc.sty
Package: fontenc 2021/04/29 v2.0v Standard LaTeX package
) (C:\Users\phant\AppData\Local\Programs\MiKTeX\tex/latex/psnfss\mathpazo.sty
Package: mathpazo 2020/03/25 PSNFSS-v9.3 Palatino w/ Pazo Math (D.Puga, WaS) 
\symupright=\mathgroup4
) (C:\Users\phant\AppData\Local\Programs\MiKTeX\tex/latex/biblatex\biblatex.sty
Package: biblatex 2024/03/21 v3.20 programmable bibliographies (PK/MW)
 (C:\Users\phant\AppData\Local\Programs\MiKTeX\tex/latex/kvoptions\kvoptions.sty
Package: kvoptions 2022-06-15 v3.15 Key value format for package options (HO)
 (C:\Users\phant\AppData\Local\Programs\MiKTeX\tex/latex/kvsetkeys\kvsetkeys.sty
Package: kvsetkeys 2022-10-05 v1.19 Key value parser (HO)
)) (C:\Users\phant\AppData\Local\Programs\MiKTeX\tex/latex/logreq\logreq.sty
Package: logreq 2010/08/04 v1.0 xml request logger
\lrq@indent=\count303
 (C:\Users\phant\AppData\Local\Programs\MiKTeX\tex/latex/logreq\logreq.def
File: logreq.def 2010/08/04 v1.0 logreq spec v1.0
)) (C:\Users\phant\AppData\Local\Programs\MiKTeX\tex/latex/base\ifthen.sty
Package: ifthen 2024/03/16 v1.1e Standard LaTeX ifthen package (DPC)
) (C:\Users\phant\AppData\Local\Programs\MiKTeX\tex/latex/url\url.sty
\Urlmuskip=\muskip17
Package: url 2013/09/16  ver 3.4  Verb mode for urls, etc.
)
\c@tabx@nest=\count304
\c@listtotal=\count305
\c@listcount=\count306
\c@liststart=\count307
\c@liststop=\count308
\c@citecount=\count309
\c@citetotal=\count310
\c@multicitecount=\count311
\c@multicitetotal=\count312
\c@instcount=\count313
\c@maxnames=\count314
\c@minnames=\count315
\c@maxitems=\count316
\c@minitems=\count317
\c@citecounter=\count318
\c@maxcitecounter=\count319
\c@savedcitecounter=\count320
\c@uniquelist=\count321
\c@uniquename=\count322
\c@refsection=\count323
\c@refsegment=\count324
\c@maxextratitle=\count325
\c@maxextratitleyear=\count326
\c@maxextraname=\count327
\c@maxextradate=\count328
\c@maxextraalpha=\count329
\c@abbrvpenalty=\count330
\c@highnamepenalty=\count331
\c@lownamepenalty=\count332
\c@maxparens=\count333
\c@parenlevel=\count334
\blx@tempcnta=\count335
\blx@tempcntb=\count336
\blx@tempcntc=\count337
\c@blx@maxsection=\count338
\blx@maxsegment@0=\count339
\blx@notetype=\count340
\blx@parenlevel@text=\count341
\blx@parenlevel@foot=\count342
\blx@sectionciteorder@0=\count343
\blx@sectionciteorderinternal@0=\count344
\blx@entrysetcounter=\count345
\blx@biblioinstance=\count346
\labelnumberwidth=\skip58
\labelalphawidth=\skip59
\biblabelsep=\skip60
\bibitemsep=\skip61
\bibnamesep=\skip62
\bibinitsep=\skip63
\bibparsep=\skip64
\bibhang=\skip65
\blx@bcfin=\read3
\blx@bcfout=\write3
\blx@langwohyphens=\language80
\c@mincomprange=\count347
\c@maxcomprange=\count348
\c@mincompwidth=\count349
Package biblatex Info: Trying to load biblatex default data model...
Package biblatex Info: ... file 'blx-dm.def' found.
 (C:\Users\phant\AppData\Local\Programs\MiKTeX\tex/latex/biblatex\blx-dm.def
File: blx-dm.def 2024/03/21 v3.20 biblatex datamodel (PK/MW)
)
Package biblatex Info: Trying to load biblatex style data model...
Package biblatex Info: ... file 'authoryear.dbx' not found.
Package biblatex Info: Trying to load biblatex custom data model...
Package biblatex Info: ... file 'biblatex-dm.cfg' not found.
\c@afterword=\count350
\c@savedafterword=\count351
\c@annotator=\count352
\c@savedannotator=\count353
\c@author=\count354
\c@savedauthor=\count355
\c@bookauthor=\count356
\c@savedbookauthor=\count357
\c@commentator=\count358
\c@savedcommentator=\count359
\c@editor=\count360
\c@savededitor=\count361
\c@editora=\count362
\c@savededitora=\count363
\c@editorb=\count364
\c@savededitorb=\count365
\c@editorc=\count366
\c@savededitorc=\count367
\c@foreword=\count368
\c@savedforeword=\count369
\c@holder=\count370
\c@savedholder=\count371
\c@introduction=\count372
\c@savedintroduction=\count373
\c@namea=\count374
\c@savednamea=\count375
\c@nameb=\count376
\c@savednameb=\count377
\c@namec=\count378
\c@savednamec=\count379
\c@translator=\count380
\c@savedtranslator=\count381
\c@shortauthor=\count382
\c@savedshortauthor=\count383
\c@shorteditor=\count384
\c@savedshorteditor=\count385
\c@labelname=\count386
\c@savedlabelname=\count387
\c@institution=\count388
\c@savedinstitution=\count389
\c@lista=\count390
\c@savedlista=\count391
\c@listb=\count392
\c@savedlistb=\count393
\c@listc=\count394
\c@savedlistc=\count395
\c@listd=\count396
\c@savedlistd=\count397
\c@liste=\count398
\c@savedliste=\count399
\c@listf=\count400
\c@savedlistf=\count401
\c@location=\count402
\c@savedlocation=\count403
\c@organization=\count404
\c@savedorganization=\count405
\c@origlocation=\count406
\c@savedoriglocation=\count407
\c@origpublisher=\count408
\c@savedorigpublisher=\count409
\c@publisher=\count410
\c@savedpublisher=\count411
\c@language=\count412
\c@savedlanguage=\count413
\c@origlanguage=\count414
\c@savedoriglanguage=\count415
\c@pageref=\count416
\c@savedpageref=\count417
\shorthandwidth=\skip66
\shortjournalwidth=\skip67
\shortserieswidth=\skip68
\shorttitlewidth=\skip69
\shortauthorwidth=\skip70
\shorteditorwidth=\skip71
\locallabelnumberwidth=\skip72
\locallabelalphawidth=\skip73
\localshorthandwidth=\skip74
\localshortjournalwidth=\skip75
\localshortserieswidth=\skip76
\localshorttitlewidth=\skip77
\localshortauthorwidth=\skip78
\localshorteditorwidth=\skip79
Package biblatex Info: Trying to load compatibility code...
Package biblatex Info: ... file 'blx-compat.def' found.
 (C:\Users\phant\AppData\Local\Programs\MiKTeX\tex/latex/biblatex\blx-compat.def
File: blx-compat.def 2024/03/21 v3.20 biblatex compatibility (PK/MW)
)
Package biblatex Info: Trying to load BibTeX backend compatibility...
Package biblatex Info: ... file 'blx-bibtex.def' found.
 (C:\Users\phant\AppData\Local\Programs\MiKTeX\tex/latex/biblatex\blx-bibtex.def
File: blx-bibtex.def 2024/03/21 v3.20 biblatex compatibility (PK/MW)


Package biblatex Warning: Using fall-back bibtex backend:
(biblatex)                functionality may be reduced/unavailable.

)
Package biblatex Info: Trying to load generic definitions...
Package biblatex Info: ... file 'biblatex.def' found.
 (C:\Users\phant\AppData\Local\Programs\MiKTeX\tex/latex/biblatex\biblatex.def
File: biblatex.def 2024/03/21 v3.20 biblatex compatibility (PK/MW)
\c@textcitecount=\count418
\c@textcitetotal=\count419
\c@textcitemaxnames=\count420
\c@biburlbigbreakpenalty=\count421
\c@biburlbreakpenalty=\count422
\c@biburlnumpenalty=\count423
\c@biburlucpenalty=\count424
\c@biburllcpenalty=\count425
\biburlbigskip=\muskip18
\biburlnumskip=\muskip19
\biburlucskip=\muskip20
\biburllcskip=\muskip21
\c@smartand=\count426
)
Package biblatex Info: Trying to load natbib compatibility...
Package biblatex Info: ... file 'blx-natbib.def' found.
 (C:\Users\phant\AppData\Local\Programs\MiKTeX\tex/latex/biblatex\blx-natbib.def
File: blx-natbib.def 2024/03/21 v3.20 biblatex compatibility (PK/MW)
Package biblatex Info: Delimiter 'nameyeardelim' in context '' already defined, overwriting.
)
Package biblatex Info: Trying to load bibliography style 'authoryear'...
Package biblatex Info: ... file 'authoryear.bbx' found.
 (C:\Users\phant\AppData\Local\Programs\MiKTeX\tex/latex/biblatex/bbx\authoryear.bbx
File: authoryear.bbx 2024/03/21 v3.20 biblatex bibliography style (PK/MW)
Package biblatex Info: Trying to load bibliography style 'standard'...
Package biblatex Info: ... file 'standard.bbx' found.
 (C:\Users\phant\AppData\Local\Programs\MiKTeX\tex/latex/biblatex/bbx\standard.bbx
File: standard.bbx 2024/03/21 v3.20 biblatex bibliography style (PK/MW)
\c@bbx:relatedcount=\count427
\c@bbx:relatedtotal=\count428
))
Package biblatex Info: Trying to load citation style 'authoryear'...
Package biblatex Info: ... file 'authoryear.cbx' found.
 (C:\Users\phant\AppData\Local\Programs\MiKTeX\tex/latex/biblatex/cbx\authoryear.cbx
File: authoryear.cbx 2024/03/21 v3.20 biblatex citation style (PK/MW)
Package biblatex Info: Redefining '\cite'.
Package biblatex Info: Redefining '\parencite'.
Package biblatex Info: Redefining '\footcite'.
Package biblatex Info: Redefining '\footcitetext'.
Package biblatex Info: Redefining '\smartcite'.
Package biblatex Info: Redefining '\textcite'.
Package biblatex Info: Redefining '\textcites'.
)
Package biblatex Info: Trying to load configuration file...
Package biblatex Info: ... file 'biblatex.cfg' found.
 (C:\Users\phant\AppData\Local\Programs\MiKTeX\tex/latex/biblatex\biblatex.cfg
File: biblatex.cfg 
)
Package biblatex Info: Input encoding 'utf8' detected.
Package biblatex Info: Document encoding is UTF8 ....
Package biblatex Info: ... and expl3
(biblatex)             2024-12-25 L3 programming layer (loader) 
(biblatex)             is new enough (at least 2020/04/06),
(biblatex)             setting 'casechanger=expl3'.
 (C:\Users\phant\AppData\Local\Programs\MiKTeX\tex/latex/biblatex\blx-case-expl3.sty
Package: blx-case-expl3 2024/03/21 v3.20 expl3 case changing code for biblatex
)) (C:\Users\phant\AppData\Local\Programs\MiKTeX\tex/latex/csquotes\csquotes.sty
Package: csquotes 2024-04-04 v5.2o context-sensitive quotations (JAW)
\csq@reset=\count429
\csq@gtype=\count430
\csq@glevel=\count431
\csq@qlevel=\count432
\csq@maxlvl=\count433
\csq@tshold=\count434
\csq@ltx@everypar=\toks24
 (C:\Users\phant\AppData\Local\Programs\MiKTeX\tex/latex/csquotes\csquotes.def
File: csquotes.def 2024-04-04 v5.2o csquotes generic definitions (JAW)
)
Package csquotes Info: Trying to load configuration file 'csquotes.cfg'...
Package csquotes Info: ... configuration file loaded successfully.
 (C:\Users\phant\AppData\Local\Programs\MiKTeX\tex/latex/csquotes\csquotes.cfg
File: csquotes.cfg 
)
Package csquotes Info: Enabling multilingual quotes.
) (C:\Users\phant\AppData\Local\Programs\MiKTeX\tex/latex/acronym\acronym.sty
Package: acronym 2025/01/17 v1.50 Support for acronyms (Tobias Oetiker)
 (C:\Users\phant\AppData\Local\Programs\MiKTeX\tex/latex/bigfoot\suffix.sty
Package: suffix 2006/07/15 1.5a Variant command support
) (C:\Users\phant\AppData\Local\Programs\MiKTeX\tex/latex/xstring\xstring.sty (C:\Users\phant\AppData\Local\Programs\MiKTeX\tex/generic/xstring\xstring.tex
\xs_counta=\count435
\xs_countb=\count436
)
Package: xstring 2023/08/22 v1.86 String manipulations (CT)
)
\AC@clearlist=\toks25
) (C:\Users\phant\AppData\Local\Programs\MiKTeX\tex/latex/tools\multicol.sty
Package: multicol 2024/09/14 v1.9i multicolumn formatting (FMi)
\c@tracingmulticols=\count437
\mult@box=\box68
\multicol@leftmargin=\dimen183
\c@unbalance=\count438
\c@collectmore=\count439
\doublecol@number=\count440
\multicoltolerance=\count441
\multicolpretolerance=\count442
\full@width=\dimen184
\page@free=\dimen185
\premulticols=\dimen186
\postmulticols=\dimen187
\multicolsep=\skip80
\multicolbaselineskip=\skip81
\partial@page=\box69
\last@line=\box70
\mc@boxedresult=\box71
\maxbalancingoverflow=\dimen188
\mult@rightbox=\box72
\mult@grightbox=\box73
\mult@firstbox=\box74
\mult@gfirstbox=\box75
\@tempa=\box76
\@tempa=\box77
\@tempa=\box78
\@tempa=\box79
\@tempa=\box80
\@tempa=\box81
\@tempa=\box82
\@tempa=\box83
\@tempa=\box84
\@tempa=\box85
\@tempa=\box86
\@tempa=\box87
\@tempa=\box88
\@tempa=\box89
\@tempa=\box90
\@tempa=\box91
\@tempa=\box92
\@tempa=\box93
\@tempa=\box94
\@tempa=\box95
\@tempa=\box96
\@tempa=\box97
\@tempa=\box98
\@tempa=\box99
\@tempa=\box100
\@tempa=\box101
\@tempa=\box102
\@tempa=\box103
\@tempa=\box104
\@tempa=\box105
\@tempa=\box106
\@tempa=\box107
\@tempa=\box108
\@tempa=\box109
\@tempa=\box110
\@tempa=\box111
\c@minrows=\count443
\c@columnbadness=\count444
\c@finalcolumnbadness=\count445
\last@try=\dimen189
\multicolovershoot=\dimen190
\multicolundershoot=\dimen191
\mult@nat@firstbox=\box112
\colbreak@box=\box113
\mc@col@check@num=\count446
) (C:\Users\phant\AppData\Local\Programs\MiKTeX\tex/latex/multirow\multirow.sty
Package: multirow 2024/11/12 v2.9 Span multiple rows of a table
\multirow@colwidth=\skip82
\multirow@cntb=\count447
\multirow@dima=\skip83
\bigstrutjot=\dimen192
) (C:\Users\phant\AppData\Local\Programs\MiKTeX\tex/latex/algorithms\algorithm.sty
Package: algorithm 2009/08/24 v0.1 Document Style `algorithm' - floating environment
 (C:\Users\phant\AppData\Local\Programs\MiKTeX\tex/latex/float\float.sty
Package: float 2001/11/08 v1.3d Float enhancements (AL)
\c@float@type=\count448
\float@exts=\toks26
\float@box=\box114
\@float@everytoks=\toks27
\@floatcapt=\box115
) (C:\Users\phant\AppData\Local\Programs\MiKTeX\tex/latex/floatbytocbasic\floatbytocbasic.sty
Package: floatbytocbasic 2023-08-16 v1.0 improved float package using tocbasic
 (C:\Users\phant\AppData\Local\Programs\MiKTeX\tex/latex/koma-script\tocbasic.sty
Package: tocbasic 2024/10/24 v3.43 KOMA-Script package (handling toc-files)
\scr@dte@tocline@numberwidth=\skip84
\scr@dte@tocline@numbox=\box116
) (C:\Users\phant\AppData\Local\Programs\MiKTeX\tex/latex/xpatch\xpatch.sty
Package: xpatch 2020/03/25 v0.3a Extending etoolbox patching commands
))
Package tocbasic Info: setting babel extension for `loa' on input line 96.
\@float@every@algorithm=\toks28
\c@algorithm=\count449
) (C:\Users\phant\AppData\Local\Programs\MiKTeX\tex/latex/algorithmicx\algpseudocode.sty
Package: algpseudocode 
 (C:\Users\phant\AppData\Local\Programs\MiKTeX\tex/latex/algorithmicx\algorithmicx.sty
Package: algorithmicx 2005/04/27 v1.2 Algorithmicx

Document Style algorithmicx 1.2 - a greatly improved `algorithmic' style
\c@ALG@line=\count450
\c@ALG@rem=\count451
\c@ALG@nested=\count452
\ALG@tlm=\skip85
\ALG@thistlm=\skip86
\c@ALG@Lnr=\count453
\c@ALG@blocknr=\count454
\c@ALG@storecount=\count455
\c@ALG@tmpcounter=\count456
\ALG@tmplength=\skip87
)
Document Style - pseudocode environments for use with the `algorithmicx' style
) (C:\Users\phant\AppData\Local\Programs\MiKTeX\tex/latex/physics\physics.sty
Package: physics 
 (C:\Users\phant\AppData\Local\Programs\MiKTeX\tex/latex/amsmath\amsmath.sty
Package: amsmath 2024/11/05 v2.17t AMS math features
\@mathmargin=\skip88

For additional information on amsmath, use the `?' option.
(C:\Users\phant\AppData\Local\Programs\MiKTeX\tex/latex/amsmath\amsbsy.sty
Package: amsbsy 1999/11/29 v1.2d Bold Symbols
\pmbraise@=\dimen193
) (C:\Users\phant\AppData\Local\Programs\MiKTeX\tex/latex/amsmath\amsopn.sty
Package: amsopn 2022/04/08 v2.04 operator names
)
\inf@bad=\count457
LaTeX Info: Redefining \frac on input line 233.
\uproot@=\count458
\leftroot@=\count459
LaTeX Info: Redefining \overline on input line 398.
LaTeX Info: Redefining \colon on input line 409.
\classnum@=\count460
\DOTSCASE@=\count461
LaTeX Info: Redefining \ldots on input line 495.
LaTeX Info: Redefining \dots on input line 498.
LaTeX Info: Redefining \cdots on input line 619.
\Mathstrutbox@=\box117
\strutbox@=\box118
LaTeX Info: Redefining \big on input line 721.
LaTeX Info: Redefining \Big on input line 722.
LaTeX Info: Redefining \bigg on input line 723.
LaTeX Info: Redefining \Bigg on input line 724.
\big@size=\dimen194
LaTeX Font Info:    Redeclaring font encoding OML on input line 742.
LaTeX Font Info:    Redeclaring font encoding OMS on input line 743.
\macc@depth=\count462
LaTeX Info: Redefining \bmod on input line 904.
LaTeX Info: Redefining \pmod on input line 909.
LaTeX Info: Redefining \smash on input line 939.
LaTeX Info: Redefining \relbar on input line 969.
LaTeX Info: Redefining \Relbar on input line 970.
\c@MaxMatrixCols=\count463
\dotsspace@=\muskip22
\c@parentequation=\count464
\dspbrk@lvl=\count465
\tag@help=\toks29
\row@=\count466
\column@=\count467
\maxfields@=\count468
\andhelp@=\toks30
\eqnshift@=\dimen195
\alignsep@=\dimen196
\tagshift@=\dimen197
\tagwidth@=\dimen198
\totwidth@=\dimen199
\lineht@=\dimen256
\@envbody=\toks31
\multlinegap=\skip89
\multlinetaggap=\skip90
\mathdisplay@stack=\toks32
LaTeX Info: Redefining \[ on input line 2953.
LaTeX Info: Redefining \] on input line 2954.
)) (C:\Users\phant\AppData\Local\Programs\MiKTeX\tex/latex/amscls\amsthm.sty
Package: amsthm 2020/05/29 v2.20.6
\thm@style=\toks33
\thm@bodyfont=\toks34
\thm@headfont=\toks35
\thm@notefont=\toks36
\thm@headpunct=\toks37
\thm@preskip=\skip91
\thm@postskip=\skip92
\thm@headsep=\skip93
\dth@everypar=\toks38
) (C:\Users\phant\AppData\Local\Programs\MiKTeX\tex/latex/amsfonts\amsfonts.sty
Package: amsfonts 2013/01/14 v3.01 Basic AMSFonts support
\symAMSa=\mathgroup5
\symAMSb=\mathgroup6
LaTeX Font Info:    Redeclaring math symbol \hbar on input line 98.
LaTeX Font Info:    Overwriting math alphabet `\mathfrak' in version `bold'
(Font)                  U/euf/m/n --> U/euf/b/n on input line 106.
) (C:\Users\phant\AppData\Local\Programs\MiKTeX\tex/latex/amsfonts\amssymb.sty
Package: amssymb 2013/01/14 v3.01 AMS font symbols
) (C:\Users\phant\AppData\Local\Programs\MiKTeX\tex/latex/mathtools\mathtools.sty
Package: mathtools 2024/10/04 v1.31 mathematical typesetting tools
 (C:\Users\phant\AppData\Local\Programs\MiKTeX\tex/latex/tools\calc.sty
Package: calc 2023/07/08 v4.3 Infix arithmetic (KKT,FJ)
\calc@Acount=\count469
\calc@Bcount=\count470
\calc@Adimen=\dimen257
\calc@Bdimen=\dimen258
\calc@Askip=\skip94
\calc@Bskip=\skip95
LaTeX Info: Redefining \setlength on input line 80.
LaTeX Info: Redefining \addtolength on input line 81.
\calc@Ccount=\count471
\calc@Cskip=\skip96
) (C:\Users\phant\AppData\Local\Programs\MiKTeX\tex/latex/mathtools\mhsetup.sty
Package: mhsetup 2021/03/18 v1.4 programming setup (MH)
)
\g_MT_multlinerow_int=\count472
\l_MT_multwidth_dim=\dimen259
\origjot=\skip97
\l_MT_shortvdotswithinadjustabove_dim=\dimen260
\l_MT_shortvdotswithinadjustbelow_dim=\dimen261
\l_MT_above_intertext_sep=\dimen262
\l_MT_below_intertext_sep=\dimen263
\l_MT_above_shortintertext_sep=\dimen264
\l_MT_below_shortintertext_sep=\dimen265
\xmathstrut@box=\box119
\xmathstrut@dim=\dimen266
) (C:\Users\phant\AppData\Local\Programs\MiKTeX\tex/latex/thmtools\thmtools.sty
Package: thmtools 2023/05/04 v0.76
\thmt@toks=\toks39
\c@thmt@dummyctr=\count473
 (C:\Users\phant\AppData\Local\Programs\MiKTeX\tex/latex/thmtools\thm-patch.sty
Package: thm-patch 2023/05/04 v0.76
 (C:\Users\phant\AppData\Local\Programs\MiKTeX\tex/latex/thmtools\parseargs.sty
Package: parseargs 2023/05/04 v0.76
\@parsespec=\toks40
)) (C:\Users\phant\AppData\Local\Programs\MiKTeX\tex/latex/thmtools\thm-kv.sty
Package: thm-kv 2023/05/04 v0.76
Package thm-kv Info: Theorem names will be uppercased on input line 42.
Package thm-kv Info: kvsetkeys patch (v1.16 or later) on input line 158.
) (C:\Users\phant\AppData\Local\Programs\MiKTeX\tex/latex/thmtools\thm-autoref.sty
Package: thm-autoref 2023/05/04 v0.76
 (C:\Users\phant\AppData\Local\Programs\MiKTeX\tex/latex/thmtools\aliasctr.sty
Package: aliasctr 2023/05/04 v0.76
)) (C:\Users\phant\AppData\Local\Programs\MiKTeX\tex/latex/thmtools\thm-listof.sty
Package: thm-listof 2023/05/04 v0.76
) (C:\Users\phant\AppData\Local\Programs\MiKTeX\tex/latex/thmtools\thm-restate.sty
Package: thm-restate 2023/05/04 v0.76
) (C:\Users\phant\AppData\Local\Programs\MiKTeX\tex/latex/thmtools\thm-amsthm.sty
Package: thm-amsthm 2023/05/04 v0.76
\thmt@style@headstyle=\toks41
)) (C:\Users\phant\AppData\Local\Programs\MiKTeX\tex/latex/caption\subcaption.sty
Package: subcaption 2023/07/28 v1.6b Sub-captions (AR)
Package caption Info: New subtype `subfigure' on input line 238.
\c@subfigure=\count474
Package caption Info: New subtype `subtable' on input line 238.
\c@subtable=\count475
) (C:\Users\phant\AppData\Local\Programs\MiKTeX\tex/latex/pdfpages\pdfpages.sty
Package: pdfpages 2024/10/28 v0.6c Insert pages of external PDF documents (AM)
 (C:\Users\phant\AppData\Local\Programs\MiKTeX\tex/latex/eso-pic\eso-pic.sty
Package: eso-pic 2023/05/03 v3.0c eso-pic (RN)
\ESO@tempdima=\dimen267
\ESO@tempdimb=\dimen268
)
\AM@pagewidth=\dimen269
\AM@pageheight=\dimen270
\AM@fboxrule=\dimen271
 (C:\Users\phant\AppData\Local\Programs\MiKTeX\tex/latex/pdfpages\pppdftex.def
File: pppdftex.def 2024/10/28 v0.6c Pdfpages driver for pdfTeX (AM)
)
\pdfpages@includegraphics@status=\count476
\AM@pagebox=\box120
\AM@global@opts=\toks42
\AM@pagecnt=\count477
\AM@toc@title=\toks43
\AM@lof@heading=\toks44
\c@AM@survey=\count478
\AM@templatesizebox=\box121
) (C:\Users\phant\AppData\Local\Programs\MiKTeX\tex/latex/enumitem\enumitem.sty
Package: enumitem 2019/06/20 v3.9 Customized lists
\labelindent=\skip98
\enit@outerparindent=\dimen272
\enit@toks=\toks45
\enit@inbox=\box122
\enit@count@id=\count479
\enitdp@description=\count480
)
\c@theorem=\count481
\c@sublemma=\count482
\c@auxlemma=\count483
 (C:\Users\phant\AppData\Local\Programs\MiKTeX\tex/latex/datetime\datetime.sty
Package: datetime 2015/03/20 v2.60 Date Time Package
 (C:\Users\phant\AppData\Local\Programs\MiKTeX\tex/latex/fmtcount\fmtcount.sty
Package: fmtcount 2024/10/18 v3.09
 (C:\Users\phant\AppData\Local\Programs\MiKTeX\tex/latex/xkeyval\xkeyval.sty
Package: xkeyval 2022/06/16 v2.9 package option processing (HA)
 (C:\Users\phant\AppData\Local\Programs\MiKTeX\tex/generic/xkeyval\xkeyval.tex (C:\Users\phant\AppData\Local\Programs\MiKTeX\tex/generic/xkeyval\xkvutils.tex
\XKV@toks=\toks46
\XKV@tempa@toks=\toks47
)
\XKV@depth=\count484
File: xkeyval.tex 2014/12/03 v2.7a key=value parser (HA)
)) (C:\Users\phant\AppData\Local\Programs\MiKTeX\tex/latex/fmtcount\fcprefix.sty
Package: fcprefix 2012/09/28
 (C:\Users\phant\AppData\Local\Programs\MiKTeX\tex/latex/fmtcount\fcnumparser.sty
Package: fcnumparser 2017/06/15
\fc@digit@counter=\count485
))
\c@padzeroesN=\count486
\fc@tmpcatcode=\count487
 (C:\Users\phant\AppData\Local\Programs\MiKTeX\tex/latex/fmtcount\fc-english.def
File: fc-english.def 2016/01/12
)
\@DT@modctr=\count488
\@ordinalctr=\count489
\@orgargctr=\count490
\@strctr=\count491
\@tmpstrctr=\count492
\@DT@loopN=\count493
\@DT@X=\count494
) (C:\Users\phant\AppData\Local\Programs\MiKTeX\tex/latex/datetime\datetime-defaults.sty
Package: datetime-defaults 2013/09/10
)
\@day=\count495
\@month=\count496
\@year=\count497
\c@HOUR=\count498
\c@HOURXII=\count499
\c@MINUTE=\count500
\c@TOHOUR=\count501
\c@TOMINUTE=\count502
\c@SECOND=\count503
\currenthour=\count504
\currentminute=\count505
\currentsecond=\count506
Package datetime Info: No datetime.cfg file found, using default settings on input line 308.
\@dtctr=\count507
\dayofyear=\count508
\dayofweek=\count509
LaTeX Info: Redefining \today on input line 736.
\dt@a=\toks48
\dt@b=\toks49
) (C:\Users\phant\AppData\Local\Programs\MiKTeX\tex/latex/hyperref\hyperref.sty
Package: hyperref 2024-11-05 v7.01l Hypertext links for LaTeX
 (C:\Users\phant\AppData\Local\Programs\MiKTeX\tex/generic/kvdefinekeys\kvdefinekeys.sty
Package: kvdefinekeys 2019-12-19 v1.6 Define keys (HO)
) (C:\Users\phant\AppData\Local\Programs\MiKTeX\tex/generic/pdfescape\pdfescape.sty
Package: pdfescape 2019/12/09 v1.15 Implements pdfTeX's escape features (HO)
) (C:\Users\phant\AppData\Local\Programs\MiKTeX\tex/latex/hycolor\hycolor.sty
Package: hycolor 2020-01-27 v1.10 Color options for hyperref/bookmark (HO)
) (C:\Users\phant\AppData\Local\Programs\MiKTeX\tex/latex/hyperref\nameref.sty
Package: nameref 2023-11-26 v2.56 Cross-referencing by name of section
 (C:\Users\phant\AppData\Local\Programs\MiKTeX\tex/latex/refcount\refcount.sty
Package: refcount 2019/12/15 v3.6 Data extraction from label references (HO)
) (C:\Users\phant\AppData\Local\Programs\MiKTeX\tex/generic/gettitlestring\gettitlestring.sty
Package: gettitlestring 2019/12/15 v1.6 Cleanup title references (HO)
)
\c@section@level=\count510
) (C:\Users\phant\AppData\Local\Programs\MiKTeX\tex/generic/stringenc\stringenc.sty
Package: stringenc 2019/11/29 v1.12 Convert strings between diff. encodings (HO)
)
\@linkdim=\dimen273
\Hy@linkcounter=\count511
\Hy@pagecounter=\count512
 (C:\Users\phant\AppData\Local\Programs\MiKTeX\tex/latex/hyperref\pd1enc.def
File: pd1enc.def 2024-11-05 v7.01l Hyperref: PDFDocEncoding definition (HO)
Now handling font encoding PD1 ...
... no UTF-8 mapping file for font encoding PD1
) (C:\Users\phant\AppData\Local\Programs\MiKTeX\tex/generic/intcalc\intcalc.sty
Package: intcalc 2019/12/15 v1.3 Expandable calculations with integers (HO)
)
\Hy@SavedSpaceFactor=\count513
 (C:\Users\phant\AppData\Local\Programs\MiKTeX\tex/latex/hyperref\puenc.def
File: puenc.def 2024-11-05 v7.01l Hyperref: PDF Unicode definition (HO)
Now handling font encoding PU ...
... no UTF-8 mapping file for font encoding PU
)
Package hyperref Info: Hyper figures OFF on input line 4157.
Package hyperref Info: Link nesting OFF on input line 4162.
Package hyperref Info: Hyper index ON on input line 4165.
Package hyperref Info: Plain pages OFF on input line 4172.
Package hyperref Info: Backreferencing OFF on input line 4177.
Package hyperref Info: Implicit mode ON; LaTeX internals redefined.
Package hyperref Info: Bookmarks ON on input line 4424.
\c@Hy@tempcnt=\count514
LaTeX Info: Redefining \url on input line 4763.
\XeTeXLinkMargin=\dimen274
 (C:\Users\phant\AppData\Local\Programs\MiKTeX\tex/generic/bitset\bitset.sty
Package: bitset 2019/12/09 v1.3 Handle bit-vector datatype (HO)
 (C:\Users\phant\AppData\Local\Programs\MiKTeX\tex/generic/bigintcalc\bigintcalc.sty
Package: bigintcalc 2019/12/15 v1.5 Expandable calculations on big integers (HO)
))
\Fld@menulength=\count515
\Field@Width=\dimen275
\Fld@charsize=\dimen276
Package hyperref Info: Hyper figures OFF on input line 6042.
Package hyperref Info: Link nesting OFF on input line 6047.
Package hyperref Info: Hyper index ON on input line 6050.
Package hyperref Info: backreferencing OFF on input line 6057.
Package hyperref Info: Link coloring OFF on input line 6062.
Package hyperref Info: Link coloring with OCG OFF on input line 6067.
Package hyperref Info: PDF/A mode OFF on input line 6072.
 (C:\Users\phant\AppData\Local\Programs\MiKTeX\tex/latex/base\atbegshi-ltx.sty
Package: atbegshi-ltx 2021/01/10 v1.0c Emulation of the original atbegshi
package with kernel methods
)
\Hy@abspage=\count516
\c@Item=\count517
\c@Hfootnote=\count518
)
Package hyperref Info: Driver (autodetected): hpdftex.
 (C:\Users\phant\AppData\Local\Programs\MiKTeX\tex/latex/hyperref\hpdftex.def
File: hpdftex.def 2024-11-05 v7.01l Hyperref driver for pdfTeX
 (C:\Users\phant\AppData\Local\Programs\MiKTeX\tex/latex/base\atveryend-ltx.sty
Package: atveryend-ltx 2020/08/19 v1.0a Emulation of the original atveryend package
with kernel methods
)
\Fld@listcount=\count519
\c@bookmark@seq@number=\count520
 (C:\Users\phant\AppData\Local\Programs\MiKTeX\tex/latex/rerunfilecheck\rerunfilecheck.sty
Package: rerunfilecheck 2022-07-10 v1.10 Rerun checks for auxiliary files (HO)
 (C:\Users\phant\AppData\Local\Programs\MiKTeX\tex/generic/uniquecounter\uniquecounter.sty
Package: uniquecounter 2019/12/15 v1.4 Provide unlimited unique counter (HO)
)
Package uniquecounter Info: New unique counter `rerunfilecheck' on input line 285.
)
\Hy@SectionHShift=\skip99
)
Package hyperref Info: Option `bookmarksopen' set `true' on input line 155.
Package hyperref Info: Option `hypertexnames' set `false' on input line 155.
Package hyperref Info: Option `colorlinks' set `true' on input line 155.
Package hyperref Info: Option `unicode' set `true' on input line 155.
Package hyperref Info: Option `breaklinks' set `true' on input line 155.
Package csquotes Info: Checking for multilingual support...
Package csquotes Info: ... found 'babel' package.
LaTeX Font Info:    Trying to load font information for T1+ppl on input line 155.
 (C:\Users\phant\AppData\Local\Programs\MiKTeX\tex/latex/psnfss\t1ppl.fd
File: t1ppl.fd 2001/06/04 font definitions for T1/ppl.
) (main.aux (Utils/list_of_publications.aux) (Utils/acknowledgements.aux) (Utils/abbreviations.aux) (Chapters/abstract.aux) (Chapters/introduction.aux) (Chapters/background.aux) (Chapters/neural-bo.aux) (Chapters/neural-cbo.aux) (Chapters/pinn-bo.aux) (Chapters/conclusion.aux) (Appendices/neural-bo_appendix.aux) (Appendices/neural-cbo_appendix.aux) (Appendices/pinn-bo_appendix.aux))
\openout1 = `main.aux'.

LaTeX Font Info:    Checking defaults for OML/cmm/m/it on input line 155.
LaTeX Font Info:    ... okay on input line 155.
LaTeX Font Info:    Checking defaults for OMS/cmsy/m/n on input line 155.
LaTeX Font Info:    ... okay on input line 155.
LaTeX Font Info:    Checking defaults for OT1/cmr/m/n on input line 155.
LaTeX Font Info:    ... okay on input line 155.
LaTeX Font Info:    Checking defaults for T1/cmr/m/n on input line 155.
LaTeX Font Info:    ... okay on input line 155.
LaTeX Font Info:    Checking defaults for TS1/cmr/m/n on input line 155.
LaTeX Font Info:    ... okay on input line 155.
LaTeX Font Info:    Checking defaults for OMX/cmex/m/n on input line 155.
LaTeX Font Info:    ... okay on input line 155.
LaTeX Font Info:    Checking defaults for U/cmr/m/n on input line 155.
LaTeX Font Info:    ... okay on input line 155.
LaTeX Font Info:    Checking defaults for PD1/pdf/m/n on input line 155.
LaTeX Font Info:    ... okay on input line 155.
LaTeX Font Info:    Checking defaults for PU/pdf/m/n on input line 155.
LaTeX Font Info:    ... okay on input line 155.


Package siunitx Warning: Detected the "physics" package:
(siunitx)                omitting definition of \qty.
(siunitx)                
(siunitx)                If you want to use \qty with the siunitx definition,
(siunitx)                add 
(siunitx)                
(siunitx)                    \AtBeginDocument{\RenewCommandCopy\qty\SI}
(siunitx)                
(siunitx)                to your preamble.

(C:\Users\phant\AppData\Local\Programs\MiKTeX\tex/latex/translations/dicts\translations-basic-dictionary-english.trsl
File: translations-basic-dictionary-english.trsl (english translation file `translations-basic-dictionary')
)
Package translations Info: loading dictionary `translations-basic-dictionary' for `english'. on input line 155.
 (C:\Users\phant\AppData\Local\Programs\MiKTeX\tex/context/base/mkii\supp-pdf.mkii
[Loading MPS to PDF converter (version 2006.09.02).]
\scratchcounter=\count521
\scratchdimen=\dimen277
\scratchbox=\box123
\nofMPsegments=\count522
\nofMParguments=\count523
\everyMPshowfont=\toks50
\MPscratchCnt=\count524
\MPscratchDim=\dimen278
\MPnumerator=\count525
\makeMPintoPDFobject=\count526
\everyMPtoPDFconversion=\toks51
) (C:\Users\phant\AppData\Local\Programs\MiKTeX\tex/latex/epstopdf-pkg\epstopdf-base.sty
Package: epstopdf-base 2020-01-24 v2.11 Base part for package epstopdf
Package epstopdf-base Info: Redefining graphics rule for `.eps' on input line 485.
 (C:\Users\phant\AppData\Local\Programs\MiKTeX\tex/latex/00miktex\epstopdf-sys.cfg
File: epstopdf-sys.cfg 2021/03/18 v2.0 Configuration of epstopdf for MiKTeX
))
Package caption Info: Begin \AtBeginDocument code.
Package caption Info: float package is loaded.
Package caption Info: hyperref package is loaded.
Package caption Info: End \AtBeginDocument code.

*geometry* driver: auto-detecting
*geometry* detected driver: pdftex
*geometry* verbose mode - [ preamble ] result:
* driver: pdftex
* paper: a4paper
* layout: <same size as paper>
* layoutoffset:(h,v)=(0.0pt,0.0pt)
* bindingoffset: 14.22636pt
* modes: includehead includefoot 
* h-part:(L,W,R)=(56.9055pt, 455.24413pt, 71.13188pt)
* v-part:(T,H,B)=(42.67912pt, 759.6886pt, 42.67912pt)
* \paperwidth=597.50787pt
* \paperheight=845.04684pt
* \textwidth=455.24413pt
* \textheight=689.15318pt
* \oddsidemargin=-1.13812pt
* \evensidemargin=-15.36449pt
* \topmargin=-29.59087pt
* \headheight=20.66162pt
* \headsep=19.8738pt
* \topskip=12.0pt
* \footskip=30.0pt
* \marginparwidth=47.0pt
* \marginparsep=7.0pt
* \columnsep=10.0pt
* \skip\footins=10.8pt plus 4.0pt minus 2.0pt
* \hoffset=0.0pt
* \voffset=0.0pt
* \mag=1000
* \@twocolumnfalse
* \@twosidefalse
* \@mparswitchfalse
* \@reversemarginfalse
* (1in=72.27pt=25.4mm, 1cm=28.453pt)

Package scrbase Info: activating english \abbrevname on input line 155.
Package scrbase Info: activating english \byname on input line 155.
Package scrbase Info: activating english \acknowledgementname on input line 155.
Package scrbase Info: activating english \authorshipname on input line 155.
Package scrbase Info: activating english \constantsname on input line 155.
Package scrbase Info: activating english \symbolsname on input line 155.
Package biblatex Info: Trying to load language 'english'...
Package biblatex Info: ... file 'english.lbx' found.
(C:\Users\phant\AppData\Local\Programs\MiKTeX\tex/latex/biblatex/lbx\english.lbx
File: english.lbx 2024/03/21 v3.20 biblatex localization (PK/MW)
)
Package biblatex Info: Input encoding 'utf8' detected.
Package biblatex Info: Automatic encoding selection.
(biblatex)             Assuming data encoding 'utf8'.
Package biblatex Info: Input encoding 'utf8' detected.
Package biblatex Info: Data encoding 'utf8' specified.
(biblatex)             No need to reencode data.
\openout3 = `main-blx.bib'.

Package biblatex Info: Trying to load bibliographic data...
Package biblatex Info: ... file 'main.bbl' found.
 (main.bbl)
Package biblatex Info: Reference section=0 on input line 155.
Package biblatex Info: Reference segment=0 on input line 155.
 (C:\Users\phant\AppData\Local\Programs\MiKTeX\tex/latex/pdflscape\pdflscape.sty
Package: pdflscape 2022-10-27 v0.13 Display of landscape pages in PDF
 (C:\Users\phant\AppData\Local\Programs\MiKTeX\tex/latex/pdflscape\pdflscape-nometadata.sty
Package: pdflscape-nometadata 2022-10-28 v0.13 Display of landscape pages in PDF (HO)
 (C:\Users\phant\AppData\Local\Programs\MiKTeX\tex/latex/graphics\lscape.sty
Package: lscape 2020/05/28 v3.02 Landscape Pages (DPC)
) (C:\Users\phant\AppData\Local\Programs\MiKTeX\tex/latex/lscapeenhanced\lscapeenhanced.sty
Package: lscapeenhanced 2024-04-16 v1.0 improved lscape package
Package lscapeenhanced Info: \landscape patched to make \textheight change optional on input line 72.
\@lscapeenhanced@textheight=\skip100
)
Package pdflscape Info: Auto-detected driver: pdftex on input line 81.
))
Package hyperref Info: Link coloring ON on input line 155.
 (main.out) (main.out)
\@outlinefile=\write4
\openout4 = `main.out'.



[1



{C:/Users/phant/AppData/Local/MiKTeX/fonts/map/pdftex/pdftex.map}{C:/Users/phant/AppData/Local/Programs/MiKTeX/fonts/enc/dvips/base/8r.enc}]

pdfTeX warning: pdflatex (file ./extra_pages/candidate_declaration_Dat.pdf): PDF inclusion: found PDF version <1.7>, but at most version <1.5> allowed
<extra_pages/candidate_declaration_Dat.pdf, id=614, 597.55246pt x 845.19763pt>
File: extra_pages/candidate_declaration_Dat.pdf Graphic file (type pdf)
<use extra_pages/candidate_declaration_Dat.pdf>
Package pdftex.def Info: extra_pages/candidate_declaration_Dat.pdf  used on input line 209.
(pdftex.def)             Requested size: 597.551pt x 845.19557pt.


pdfTeX warning: pdflatex (file ./extra_pages/candidate_declaration_Dat.pdf): PDF inclusion: found PDF version <1.7>, but at most version <1.5> allowed
File: extra_pages/candidate_declaration_Dat.pdf Graphic file (type pdf)
<use extra_pages/candidate_declaration_Dat.pdf>
Package pdftex.def Info: extra_pages/candidate_declaration_Dat.pdf  used on input line 209.
(pdftex.def)             Requested size: 597.551pt x 845.19557pt.


pdfTeX warning: pdflatex (file ./extra_pages/candidate_declaration_Dat.pdf): PDF inclusion: found PDF version <1.7>, but at most version <1.5> allowed


pdfTeX warning: pdflatex (file ./extra_pages/candidate_declaration_Dat.pdf): PDF inclusion: found PDF version <1.7>, but at most version <1.5> allowed
<extra_pages/candidate_declaration_Dat.pdf, id=617, page=1, 597.55246pt x 845.19763pt>
File: extra_pages/candidate_declaration_Dat.pdf Graphic file (type pdf)
<use extra_pages/candidate_declaration_Dat.pdf, page 1>
Package pdftex.def Info: extra_pages/candidate_declaration_Dat.pdf , page1 used on input line 209.
(pdftex.def)             Requested size: 597.551pt x 845.19557pt.
File: extra_pages/candidate_declaration_Dat.pdf Graphic file (type pdf)
<use extra_pages/candidate_declaration_Dat.pdf, page 1>
Package pdftex.def Info: extra_pages/candidate_declaration_Dat.pdf , page1 used on input line 209.
(pdftex.def)             Requested size: 597.57834pt x 845.23425pt.
File: extra_pages/candidate_declaration_Dat.pdf Graphic file (type pdf)
<use extra_pages/candidate_declaration_Dat.pdf, page 1>
Package pdftex.def Info: extra_pages/candidate_declaration_Dat.pdf , page1 used on input line 209.
(pdftex.def)             Requested size: 597.57834pt x 845.23425pt.
File: extra_pages/candidate_declaration_Dat.pdf Graphic file (type pdf)
<use extra_pages/candidate_declaration_Dat.pdf, page 1>
Package pdftex.def Info: extra_pages/candidate_declaration_Dat.pdf , page1 used on input line 209.
(pdftex.def)             Requested size: 597.57834pt x 845.23425pt.


File: extra_pages/candidate_declaration_Dat.pdf Graphic file (type pdf)
<use extra_pages/candidate_declaration_Dat.pdf, page 1>
Package pdftex.def Info: extra_pages/candidate_declaration_Dat.pdf , page1 used on input line 209.
(pdftex.def)             Requested size: 597.57834pt x 845.23425pt.
[1

 <./extra_pages/candidate_declaration_Dat.pdf>]
\openout2 = `Utils/list_of_publications.aux'.

 (Utils/list_of_publications.tex)

LaTeX Font Info:    Trying to load font information for OT1+ppl on input line 214.
(C:\Users\phant\AppData\Local\Programs\MiKTeX\tex/latex/psnfss\ot1ppl.fd
File: ot1ppl.fd 2001/06/04 font definitions for OT1/ppl.
)
LaTeX Font Info:    Trying to load font information for OML+zplm on input line 214.
 (C:\Users\phant\AppData\Local\Programs\MiKTeX\tex/latex/psnfss\omlzplm.fd
File: omlzplm.fd 2002/09/08 Fontinst v1.914 font definitions for OML/zplm.
)
LaTeX Font Info:    Trying to load font information for OMS+zplm on input line 214.
 (C:\Users\phant\AppData\Local\Programs\MiKTeX\tex/latex/psnfss\omszplm.fd
File: omszplm.fd 2002/09/08 Fontinst v1.914 font definitions for OMS/zplm.
)
LaTeX Font Info:    Trying to load font information for OMX+zplm on input line 214.
 (C:\Users\phant\AppData\Local\Programs\MiKTeX\tex/latex/psnfss\omxzplm.fd
File: omxzplm.fd 2002/09/08 Fontinst v1.914 font definitions for OMX/zplm.
)
LaTeX Font Info:    Trying to load font information for OT1+zplm on input line 214.
 (C:\Users\phant\AppData\Local\Programs\MiKTeX\tex/latex/psnfss\ot1zplm.fd
File: ot1zplm.fd 2002/09/08 Fontinst v1.914 font definitions for OT1/zplm.
)
LaTeX Font Info:    Font shape `U/msa/m/n' will be
(Font)              scaled to size 12.50409pt on input line 214.
LaTeX Font Info:    Font shape `U/msa/m/n' will be
(Font)              scaled to size 9.37807pt on input line 214.
LaTeX Font Info:    Font shape `U/msa/m/n' will be
(Font)              scaled to size 7.29405pt on input line 214.
LaTeX Font Info:    Font shape `U/msb/m/n' will be
(Font)              scaled to size 12.50409pt on input line 214.
LaTeX Font Info:    Font shape `U/msb/m/n' will be
(Font)              scaled to size 9.37807pt on input line 214.
LaTeX Font Info:    Font shape `U/msb/m/n' will be
(Font)              scaled to size 7.29405pt on input line 214.
 [2



]

pdfTeX warning: pdflatex (file ./extra_pages/neuralbo_authorship_statement.pdf): PDF inclusion: found PDF version <1.7>, but at most version <1.5> allowed
<extra_pages/neuralbo_authorship_statement.pdf, id=673, 597.55246pt x 845.07718pt>
File: extra_pages/neuralbo_authorship_statement.pdf Graphic file (type pdf)
<use extra_pages/neuralbo_authorship_statement.pdf>
Package pdftex.def Info: extra_pages/neuralbo_authorship_statement.pdf  used on input line 220.
(pdftex.def)             Requested size: 597.551pt x 845.07512pt.


pdfTeX warning: pdflatex (file ./extra_pages/neuralbo_authorship_statement.pdf): PDF inclusion: found PDF version <1.7>, but at most version <1.5> allowed
File: extra_pages/neuralbo_authorship_statement.pdf Graphic file (type pdf)
<use extra_pages/neuralbo_authorship_statement.pdf>
Package pdftex.def Info: extra_pages/neuralbo_authorship_statement.pdf  used on input line 220.
(pdftex.def)             Requested size: 597.551pt x 845.07512pt.


pdfTeX warning: pdflatex (file ./extra_pages/neuralbo_authorship_statement.pdf): PDF inclusion: found PDF version <1.7>, but at most version <1.5> allowed


pdfTeX warning: pdflatex (file ./extra_pages/neuralbo_authorship_statement.pdf): PDF inclusion: found PDF version <1.7>, but at most version <1.5> allowed
<extra_pages/neuralbo_authorship_statement.pdf, id=676, page=1, 597.55246pt x 845.07718pt>
File: extra_pages/neuralbo_authorship_statement.pdf Graphic file (type pdf)
<use extra_pages/neuralbo_authorship_statement.pdf, page 1>
Package pdftex.def Info: extra_pages/neuralbo_authorship_statement.pdf , page1 used on input line 220.
(pdftex.def)             Requested size: 597.551pt x 845.07512pt.
File: extra_pages/neuralbo_authorship_statement.pdf Graphic file (type pdf)
<use extra_pages/neuralbo_authorship_statement.pdf, page 1>
Package pdftex.def Info: extra_pages/neuralbo_authorship_statement.pdf , page1 used on input line 220.
(pdftex.def)             Requested size: 597.57834pt x 845.1138pt.
File: extra_pages/neuralbo_authorship_statement.pdf Graphic file (type pdf)
<use extra_pages/neuralbo_authorship_statement.pdf, page 1>
Package pdftex.def Info: extra_pages/neuralbo_authorship_statement.pdf , page1 used on input line 220.
(pdftex.def)             Requested size: 597.57834pt x 845.1138pt.
File: extra_pages/neuralbo_authorship_statement.pdf Graphic file (type pdf)
<use extra_pages/neuralbo_authorship_statement.pdf, page 1>
Package pdftex.def Info: extra_pages/neuralbo_authorship_statement.pdf , page1 used on input line 220.
(pdftex.def)             Requested size: 597.57834pt x 845.1138pt.


File: extra_pages/neuralbo_authorship_statement.pdf Graphic file (type pdf)
<use extra_pages/neuralbo_authorship_statement.pdf, page 1>
Package pdftex.def Info: extra_pages/neuralbo_authorship_statement.pdf , page1 used on input line 220.
(pdftex.def)             Requested size: 597.57834pt x 845.1138pt.
[3



 <./extra_pages/neuralbo_authorship_statement.pdf>]

pdfTeX warning: pdflatex (file ./extra_pages/neuralbo_authorship_statement.pdf): PDF inclusion: found PDF version <1.7>, but at most version <1.5> allowed
<extra_pages/neuralbo_authorship_statement.pdf, id=716, page=2, 597.55246pt x 845.07718pt>
File: extra_pages/neuralbo_authorship_statement.pdf Graphic file (type pdf)
<use extra_pages/neuralbo_authorship_statement.pdf, page 2>
Package pdftex.def Info: extra_pages/neuralbo_authorship_statement.pdf , page2 used on input line 220.
(pdftex.def)             Requested size: 597.57834pt x 845.1138pt.
File: extra_pages/neuralbo_authorship_statement.pdf Graphic file (type pdf)
<use extra_pages/neuralbo_authorship_statement.pdf, page 2>
Package pdftex.def Info: extra_pages/neuralbo_authorship_statement.pdf , page2 used on input line 220.
(pdftex.def)             Requested size: 597.57834pt x 845.1138pt.


File: extra_pages/neuralbo_authorship_statement.pdf Graphic file (type pdf)
<use extra_pages/neuralbo_authorship_statement.pdf, page 2>
Package pdftex.def Info: extra_pages/neuralbo_authorship_statement.pdf , page2 used on input line 220.
(pdftex.def)             Requested size: 597.57834pt x 845.1138pt.
[4

 <./extra_pages/neuralbo_authorship_statement.pdf>]

pdfTeX warning: pdflatex (file ./extra_pages/neural-cbo_authorship_statement_updated.pdf): PDF inclusion: found PDF version <1.7>, but at most version <1.5> allowed
<extra_pages/neural-cbo_authorship_statement_updated.pdf, id=735, 597.55246pt x 845.07718pt>
File: extra_pages/neural-cbo_authorship_statement_updated.pdf Graphic file (type pdf)
<use extra_pages/neural-cbo_authorship_statement_updated.pdf>
Package pdftex.def Info: extra_pages/neural-cbo_authorship_statement_updated.pdf  used on input line 222.
(pdftex.def)             Requested size: 597.551pt x 845.07512pt.


pdfTeX warning: pdflatex (file ./extra_pages/neural-cbo_authorship_statement_updated.pdf): PDF inclusion: found PDF version <1.7>, but at most version <1.5> allowed
File: extra_pages/neural-cbo_authorship_statement_updated.pdf Graphic file (type pdf)
<use extra_pages/neural-cbo_authorship_statement_updated.pdf>
Package pdftex.def Info: extra_pages/neural-cbo_authorship_statement_updated.pdf  used on input line 222.
(pdftex.def)             Requested size: 597.551pt x 845.07512pt.


pdfTeX warning: pdflatex (file ./extra_pages/neural-cbo_authorship_statement_updated.pdf): PDF inclusion: found PDF version <1.7>, but at most version <1.5> allowed


pdfTeX warning: pdflatex (file ./extra_pages/neural-cbo_authorship_statement_updated.pdf): PDF inclusion: found PDF version <1.7>, but at most version <1.5> allowed
<extra_pages/neural-cbo_authorship_statement_updated.pdf, id=738, page=1, 597.55246pt x 845.07718pt>
File: extra_pages/neural-cbo_authorship_statement_updated.pdf Graphic file (type pdf)
<use extra_pages/neural-cbo_authorship_statement_updated.pdf, page 1>
Package pdftex.def Info: extra_pages/neural-cbo_authorship_statement_updated.pdf , page1 used on input line 222.
(pdftex.def)             Requested size: 597.551pt x 845.07512pt.
File: extra_pages/neural-cbo_authorship_statement_updated.pdf Graphic file (type pdf)
<use extra_pages/neural-cbo_authorship_statement_updated.pdf, page 1>
Package pdftex.def Info: extra_pages/neural-cbo_authorship_statement_updated.pdf , page1 used on input line 222.
(pdftex.def)             Requested size: 597.57834pt x 845.1138pt.
File: extra_pages/neural-cbo_authorship_statement_updated.pdf Graphic file (type pdf)
<use extra_pages/neural-cbo_authorship_statement_updated.pdf, page 1>
Package pdftex.def Info: extra_pages/neural-cbo_authorship_statement_updated.pdf , page1 used on input line 222.
(pdftex.def)             Requested size: 597.57834pt x 845.1138pt.
File: extra_pages/neural-cbo_authorship_statement_updated.pdf Graphic file (type pdf)
<use extra_pages/neural-cbo_authorship_statement_updated.pdf, page 1>
Package pdftex.def Info: extra_pages/neural-cbo_authorship_statement_updated.pdf , page1 used on input line 222.
(pdftex.def)             Requested size: 597.57834pt x 845.1138pt.


File: extra_pages/neural-cbo_authorship_statement_updated.pdf Graphic file (type pdf)
<use extra_pages/neural-cbo_authorship_statement_updated.pdf, page 1>
Package pdftex.def Info: extra_pages/neural-cbo_authorship_statement_updated.pdf , page1 used on input line 222.
(pdftex.def)             Requested size: 597.57834pt x 845.1138pt.
[5

 <./extra_pages/neural-cbo_authorship_statement_updated.pdf>]

pdfTeX warning: pdflatex (file ./extra_pages/neural-cbo_authorship_statement_updated.pdf): PDF inclusion: found PDF version <1.7>, but at most version <1.5> allowed
<extra_pages/neural-cbo_authorship_statement_updated.pdf, id=778, page=2, 597.55246pt x 845.07718pt>
File: extra_pages/neural-cbo_authorship_statement_updated.pdf Graphic file (type pdf)
<use extra_pages/neural-cbo_authorship_statement_updated.pdf, page 2>
Package pdftex.def Info: extra_pages/neural-cbo_authorship_statement_updated.pdf , page2 used on input line 222.
(pdftex.def)             Requested size: 597.57834pt x 845.1138pt.
File: extra_pages/neural-cbo_authorship_statement_updated.pdf Graphic file (type pdf)
<use extra_pages/neural-cbo_authorship_statement_updated.pdf, page 2>
Package pdftex.def Info: extra_pages/neural-cbo_authorship_statement_updated.pdf , page2 used on input line 222.
(pdftex.def)             Requested size: 597.57834pt x 845.1138pt.


File: extra_pages/neural-cbo_authorship_statement_updated.pdf Graphic file (type pdf)
<use extra_pages/neural-cbo_authorship_statement_updated.pdf, page 2>
Package pdftex.def Info: extra_pages/neural-cbo_authorship_statement_updated.pdf , page2 used on input line 222.
(pdftex.def)             Requested size: 597.57834pt x 845.1138pt.
[6

 <./extra_pages/neural-cbo_authorship_statement_updated.pdf>]

pdfTeX warning: pdflatex (file ./extra_pages/pinnbo_authorship_statement.pdf): PDF inclusion: found PDF version <1.7>, but at most version <1.5> allowed
<extra_pages/pinnbo_authorship_statement.pdf, id=798, 597.55246pt x 845.07718pt>
File: extra_pages/pinnbo_authorship_statement.pdf Graphic file (type pdf)
<use extra_pages/pinnbo_authorship_statement.pdf>
Package pdftex.def Info: extra_pages/pinnbo_authorship_statement.pdf  used on input line 224.
(pdftex.def)             Requested size: 597.551pt x 845.07512pt.


pdfTeX warning: pdflatex (file ./extra_pages/pinnbo_authorship_statement.pdf): PDF inclusion: found PDF version <1.7>, but at most version <1.5> allowed
File: extra_pages/pinnbo_authorship_statement.pdf Graphic file (type pdf)
<use extra_pages/pinnbo_authorship_statement.pdf>
Package pdftex.def Info: extra_pages/pinnbo_authorship_statement.pdf  used on input line 224.
(pdftex.def)             Requested size: 597.551pt x 845.07512pt.


pdfTeX warning: pdflatex (file ./extra_pages/pinnbo_authorship_statement.pdf): PDF inclusion: found PDF version <1.7>, but at most version <1.5> allowed


pdfTeX warning: pdflatex (file ./extra_pages/pinnbo_authorship_statement.pdf): PDF inclusion: found PDF version <1.7>, but at most version <1.5> allowed
<extra_pages/pinnbo_authorship_statement.pdf, id=801, page=1, 597.55246pt x 845.07718pt>
File: extra_pages/pinnbo_authorship_statement.pdf Graphic file (type pdf)
<use extra_pages/pinnbo_authorship_statement.pdf, page 1>
Package pdftex.def Info: extra_pages/pinnbo_authorship_statement.pdf , page1 used on input line 224.
(pdftex.def)             Requested size: 597.551pt x 845.07512pt.
File: extra_pages/pinnbo_authorship_statement.pdf Graphic file (type pdf)
<use extra_pages/pinnbo_authorship_statement.pdf, page 1>
Package pdftex.def Info: extra_pages/pinnbo_authorship_statement.pdf , page1 used on input line 224.
(pdftex.def)             Requested size: 597.57834pt x 845.1138pt.
File: extra_pages/pinnbo_authorship_statement.pdf Graphic file (type pdf)
<use extra_pages/pinnbo_authorship_statement.pdf, page 1>
Package pdftex.def Info: extra_pages/pinnbo_authorship_statement.pdf , page1 used on input line 224.
(pdftex.def)             Requested size: 597.57834pt x 845.1138pt.
File: extra_pages/pinnbo_authorship_statement.pdf Graphic file (type pdf)
<use extra_pages/pinnbo_authorship_statement.pdf, page 1>
Package pdftex.def Info: extra_pages/pinnbo_authorship_statement.pdf , page1 used on input line 224.
(pdftex.def)             Requested size: 597.57834pt x 845.1138pt.


File: extra_pages/pinnbo_authorship_statement.pdf Graphic file (type pdf)
<use extra_pages/pinnbo_authorship_statement.pdf, page 1>
Package pdftex.def Info: extra_pages/pinnbo_authorship_statement.pdf , page1 used on input line 224.
(pdftex.def)             Requested size: 597.57834pt x 845.1138pt.
[7

 <./extra_pages/pinnbo_authorship_statement.pdf>]

pdfTeX warning: pdflatex (file ./extra_pages/pinnbo_authorship_statement.pdf): PDF inclusion: found PDF version <1.7>, but at most version <1.5> allowed
<extra_pages/pinnbo_authorship_statement.pdf, id=841, page=2, 597.55246pt x 845.07718pt>
File: extra_pages/pinnbo_authorship_statement.pdf Graphic file (type pdf)
<use extra_pages/pinnbo_authorship_statement.pdf, page 2>
Package pdftex.def Info: extra_pages/pinnbo_authorship_statement.pdf , page2 used on input line 224.
(pdftex.def)             Requested size: 597.57834pt x 845.1138pt.
File: extra_pages/pinnbo_authorship_statement.pdf Graphic file (type pdf)
<use extra_pages/pinnbo_authorship_statement.pdf, page 2>
Package pdftex.def Info: extra_pages/pinnbo_authorship_statement.pdf , page2 used on input line 224.
(pdftex.def)             Requested size: 597.57834pt x 845.1138pt.


File: extra_pages/pinnbo_authorship_statement.pdf Graphic file (type pdf)
<use extra_pages/pinnbo_authorship_statement.pdf, page 2>
Package pdftex.def Info: extra_pages/pinnbo_authorship_statement.pdf , page2 used on input line 224.
(pdftex.def)             Requested size: 597.57834pt x 845.1138pt.
[8

 <./extra_pages/pinnbo_authorship_statement.pdf>]
\openout2 = `Utils/acknowledgements.aux'.

 (Utils/acknowledgements.tex

[9



]) (main.toc
Package acronym Info: Label `acro:rkhs' newly defined as it shall be overridden
although it is yet undefined on input line 26.


[1




]
Overfull \hbox (9.98047pt too wide) in paragraph at lines 50--50
 [][] [][][]\T1/ppl/m/n/12 Covariance Ma-trix Adap-ta-tion Evo-lu-tion Strat-egy (CMA- 
 []


Overfull \hbox (7.80884pt too wide) in paragraph at lines 84--84
 [][] [][][]\T1/ppl/m/n/12 The Con-nec-tion Be-tween Bandit-based Op-ti-miza-tion and 
 []



[2]
Overfull \hbox (9.03278pt too wide) in paragraph at lines 102--102
 [][] [][][]\T1/ppl/m/n/12 Designing Sen-si-tive Sam-ples for De-tec-tion of Model Tam- 
 []

Package acronym Info: Label `acro:dnn' newly defined as it shall be overridden
although it is yet undefined on input line 109.

Overfull \hbox (3.64449pt too wide) in paragraph at lines 122--122
 [] [][][]\T1/ppl/b/n/12 Black-Box Op-ti-miza-tion Al-go-rithm Us-ing Physics-Informed Neu-ral Net-works[][] []  
 []



[3])
\tf@toc=\write5
\openout5 = `main.toc'.



[4] (main.lof
Overfull \hbox (8.29941pt too wide) in paragraph at lines 6--6
 [][] [][][]\T1/ppl/m/n/12 The re-sults of bench-mark-ing our Neural-BO and the base-lines with COCO 
 []



[5


]
Overfull \hbox (26.73674pt too wide) in paragraph at lines 22--22
 [][] [][][]\T1/ppl/m/n/12 The plots show Cu-mu-la-tive Pos-i-tive Re-gret up to step $\OML/zplm/m/it/12 t$\T1/ppl/m/n/12 , which is $[][]\OT1/zplm/m/n/12 [\OML/zplm/m/it/12 f\OT1/zplm/m/n/12 (\OT1/zplm/b/n/12 x[]\OT1/zplm/m/n/12 ) \OMS/zplm/m/n/12 ^^@ 
 []

)
\tf@lof=\write6
\openout6 = `main.lof'.



[6] (main.lot)
\tf@lot=\write7
\openout7 = `main.lot'.



[7


]
\openout2 = `Utils/abbreviations.aux'.

 (Utils/abbreviations.tex

[8



])

[9]
\openout2 = `Chapters/abstract.aux'.

 (Chapters/abstract.tex
Package acronym Info: Label `acro:bo' newly defined as it shall be overridden
although it is yet undefined on input line 8.
Package acronym Info: Label `acro:gp' newly defined as it shall be overridden
although it is yet undefined on input line 8.
Package acronym Info: Label `acro:dnn' overridden on input line 11.
Package acronym Info: Label `acro:ts' newly defined as it shall be overridden
although it is yet undefined on input line 11.
Package acronym Info: Label `acro:ntk' newly defined as it shall be overridden
although it is yet undefined on input line 11.
Package acronym Info: Label `acro:lcb' newly defined as it shall be overridden
although it is yet undefined on input line 13.
Package acronym Info: Label `acro:ei' newly defined as it shall be overridden
although it is yet undefined on input line 13.


[1





]
Package acronym Info: Label `acro:pde' newly defined as it shall be overridden
although it is yet undefined on input line 15.
Package acronym Info: Label `acro:pinn' newly defined as it shall be overridden
although it is yet undefined on input line 15.
)

[2]
\openout2 = `Chapters/introduction.aux'.

 (Chapters/introduction.tex
Chapter 1.
LaTeX Font Info:    Trying to load font information for U+fplmbb on input line 18.
(C:\Users\phant\AppData\Local\Programs\MiKTeX\tex/latex/psnfss\ufplmbb.fd
File: ufplmbb.fd 2003/10/30 Fontinst v1.914 font definitions for U/fplmbb.
)

[3




]
Package acronym Info: Label `acro:ucb' newly defined as it shall be overridden
although it is yet undefined on input line 24.
Package acronym Info: Label `acro:rf' newly defined as it shall be overridden
although it is yet undefined on input line 27.
Package acronym Info: Label `acro:bnn' newly defined as it shall be overridden
although it is yet undefined on input line 27.
Package acronym Info: Label `acro:deepgp' newly defined as it shall be overridden
although it is yet undefined on input line 27.


[4]

[5]
LaTeX Font Info:    Trying to load font information for TS1+ppl on input line 46.
 (C:\Users\phant\AppData\Local\Programs\MiKTeX\tex/latex/psnfss\ts1ppl.fd
File: ts1ppl.fd 2001/06/04 font definitions for TS1/ppl.
)

[6]

[7]
Package acronym Info: Label `acro:es' newly defined as it shall be overridden
although it is yet undefined on input line 60.
Package acronym Info: Label `acro:pes' newly defined as it shall be overridden
although it is yet undefined on input line 60.
Package acronym Info: Label `acro:mes' newly defined as it shall be overridden
although it is yet undefined on input line 60.


[8])

[9]
\openout2 = `Chapters/background.aux'.

 (Chapters/background.tex
Chapter 2.


[10




]

[11]

[12]

[13]
Package acronym Info: Label `acro:mig' newly defined as it shall be overridden
although it is yet undefined on input line 125.


[14]

[15]

[16]

[17]
Package hyperref Info: bookmark level for unknown theorem defaults to 0 on input line 222.


[18]

[19]
Package acronym Info: Label `acro:gd' newly defined as it shall be overridden
although it is yet undefined on input line 312.


[20]
Package acronym Info: Label `acro:nag' newly defined as it shall be overridden
although it is yet undefined on input line 345.
Package acronym Info: Label `acro:adam' newly defined as it shall be overridden
although it is yet undefined on input line 367.


[21]
Package acronym Info: Label `acro:rmsprop' newly defined as it shall be overridden
although it is yet undefined on input line 393.


[22]
Package acronym Info: Label `acro:cg' newly defined as it shall be overridden
although it is yet undefined on input line 406.


[23]

[24]
Package acronym Info: Label `acro:dfo' newly defined as it shall be overridden
although it is yet undefined on input line 502.


[25]
Package acronym Info: Label `acro:ga' newly defined as it shall be overridden
although it is yet undefined on input line 542.


[26]
Package acronym Info: Label `acro:sa' newly defined as it shall be overridden
although it is yet undefined on input line 576.


[27]
Package acronym Info: Label `acro:cmaes' newly defined as it shall be overridden
although it is yet undefined on input line 606.


[28]

[29]

[30]
Package acronym Info: Label `acro:smac' newly defined as it shall be overridden
although it is yet undefined on input line 715.


[31]
Package acronym Info: Label `acro:gbrt' newly defined as it shall be overridden
although it is yet undefined on input line 720.
Package acronym Info: Label `acro:bart' newly defined as it shall be overridden
although it is yet undefined on input line 724.
Package acronym Info: Label `acro:mf' newly defined as it shall be overridden
although it is yet undefined on input line 727.


[32]

[33]

[34]
Package acronym Info: Label `acro:sgd' newly defined as it shall be overridden
although it is yet undefined on input line 821.


[35]
Package acronym Info: Label `acro:PI' newly defined as it shall be overridden
although it is yet undefined on input line 841.
Package acronym Info: Label `acro:cdf' newly defined as it shall be overridden
although it is yet undefined on input line 853.


[36]
Package acronym Info: Label `acro:pdf' newly defined as it shall be overridden
although it is yet undefined on input line 879.


[37]

[38]

[39]

[40]

[41]

[42]

[43]
Package acronym Info: Label `acro:kg' newly defined as it shall be overridden
although it is yet undefined on input line 1015.


[44]
Package acronym Info: Label `acro:mab' newly defined as it shall be overridden
although it is yet undefined on input line 1038.


[45]

[46]

[47]

[48]

[49]

[50]

[51]

[52]
Package acronym Info: Label `acro:cbo' newly defined as it shall be overridden
although it is yet undefined on input line 1306.


[53]

[54]

[55]

[56]

[57])

[58]
\openout2 = `Chapters/neural-bo.aux'.

 (Chapters/neural-bo.tex
Chapter 3.


[59




]
Package acronym Info: Label `acro:relu' newly defined as it shall be overridden
although it is yet undefined on input line 28.


[60]

LaTeX Warning: No positions in optional float specifier.
               Default added (so using `htbp') on input line 48.

Package hyperref Info: bookmark level for unknown algorithm defaults to 0 on input line 49.


[61]
Package hyperref Info: bookmark level for unknown definition defaults to 0 on input line 93.
Package hyperref Info: bookmark level for unknown assumption defaults to 0 on input line 115.


[62]
Package hyperref Info: bookmark level for unknown remark defaults to 0 on input line 146.


[63]

[64]
LaTeX Font Info:    Font shape `U/msa/m/n' will be
(Font)              scaled to size 10.42007pt on input line 221.
LaTeX Font Info:    Font shape `U/msa/m/n' will be
(Font)              scaled to size 7.91925pt on input line 221.
LaTeX Font Info:    Font shape `U/msa/m/n' will be
(Font)              scaled to size 6.25204pt on input line 221.
LaTeX Font Info:    Font shape `U/msb/m/n' will be
(Font)              scaled to size 10.42007pt on input line 221.
LaTeX Font Info:    Font shape `U/msb/m/n' will be
(Font)              scaled to size 7.91925pt on input line 221.
LaTeX Font Info:    Font shape `U/msb/m/n' will be
(Font)              scaled to size 6.25204pt on input line 221.
<Figures/Neural-BO/A1.pdf, id=1955, 570.90486pt x 286.88681pt>
File: Figures/Neural-BO/A1.pdf Graphic file (type pdf)
<use Figures/Neural-BO/A1.pdf>
Package pdftex.def Info: Figures/Neural-BO/A1.pdf  used on input line 239.
(pdftex.def)             Requested size: 364.19669pt x 183.02032pt.
<Figures/Neural-BO/A2.pdf, id=1956, 582.37975pt x 286.88681pt>
File: Figures/Neural-BO/A2.pdf Graphic file (type pdf)
<use Figures/Neural-BO/A2.pdf>
Package pdftex.def Info: Figures/Neural-BO/A2.pdf  used on input line 243.
(pdftex.def)             Requested size: 364.19669pt x 179.40448pt.
<Figures/Neural-BO/L1.pdf, id=1957, 569.47055pt x 286.88681pt>
File: Figures/Neural-BO/L1.pdf Graphic file (type pdf)
<use Figures/Neural-BO/L1.pdf>
Package pdftex.def Info: Figures/Neural-BO/L1.pdf  used on input line 247.
(pdftex.def)             Requested size: 364.19669pt x 183.4712pt.
<Figures/Neural-BO/baselines.pdf, id=1958, 345.69853pt x 48.53833pt>
File: Figures/Neural-BO/baselines.pdf Graphic file (type pdf)
<use Figures/Neural-BO/baselines.pdf>
Package pdftex.def Info: Figures/Neural-BO/baselines.pdf  used on input line 251.
(pdftex.def)             Requested size: 364.19669pt x 51.13708pt.


[65]
<Figures/Neural-BO/L2.pdf, id=1971, 570.90486pt x 286.88681pt>
File: Figures/Neural-BO/L2.pdf Graphic file (type pdf)
<use Figures/Neural-BO/L2.pdf>
Package pdftex.def Info: Figures/Neural-BO/L2.pdf  used on input line 261.
(pdftex.def)             Requested size: 364.19669pt x 183.02032pt.
<Figures/Neural-BO/M1.pdf, id=1972, 570.90486pt x 286.88681pt>
File: Figures/Neural-BO/M1.pdf Graphic file (type pdf)
<use Figures/Neural-BO/M1.pdf>
Package pdftex.def Info: Figures/Neural-BO/M1.pdf  used on input line 267.
(pdftex.def)             Requested size: 364.19669pt x 183.02032pt.
<Figures/Neural-BO/M2.pdf, id=1973, 566.6018pt x 286.88681pt>
File: Figures/Neural-BO/M2.pdf Graphic file (type pdf)
<use Figures/Neural-BO/M2.pdf>
Package pdftex.def Info: Figures/Neural-BO/M2.pdf  used on input line 272.
(pdftex.def)             Requested size: 364.19669pt x 184.40363pt.
File: Figures/Neural-BO/baselines.pdf Graphic file (type pdf)
<use Figures/Neural-BO/baselines.pdf>
Package pdftex.def Info: Figures/Neural-BO/baselines.pdf  used on input line 277.
(pdftex.def)             Requested size: 364.19669pt x 51.13708pt.
LaTeX Font Info:    Font shape `U/msa/m/n' will be
(Font)              scaled to size 11.40997pt on input line 350.
LaTeX Font Info:    Font shape `U/msa/m/n' will be
(Font)              scaled to size 8.33606pt on input line 350.
LaTeX Font Info:    Font shape `U/msb/m/n' will be
(Font)              scaled to size 11.40997pt on input line 350.
LaTeX Font Info:    Font shape `U/msb/m/n' will be
(Font)              scaled to size 8.33606pt on input line 350.
<Figures/Neural-BO/Neural-BO_pprldmany_02D_noiselessall.pdf, id=1980, 462.52798pt x 346.89601pt>
File: Figures/Neural-BO/Neural-BO_pprldmany_02D_noiselessall.pdf Graphic file (type pdf)
<use Figures/Neural-BO/Neural-BO_pprldmany_02D_noiselessall.pdf>
Package pdftex.def Info: Figures/Neural-BO/Neural-BO_pprldmany_02D_noiselessall.pdf  used on input line 361.
(pdftex.def)             Requested size: 227.62206pt x 170.71628pt.
<Figures/Neural-BO/Neural-BO_pprldmany_03D_noiselessall.pdf, id=1981, 462.52798pt x 346.89601pt>
File: Figures/Neural-BO/Neural-BO_pprldmany_03D_noiselessall.pdf Graphic file (type pdf)
<use Figures/Neural-BO/Neural-BO_pprldmany_03D_noiselessall.pdf>
Package pdftex.def Info: Figures/Neural-BO/Neural-BO_pprldmany_03D_noiselessall.pdf  used on input line 367.
(pdftex.def)             Requested size: 227.62206pt x 170.71628pt.
<Figures/Neural-BO/Neural-BO_pprldmany_05D_noiselessall.pdf, id=1982, 462.52798pt x 346.89601pt>
File: Figures/Neural-BO/Neural-BO_pprldmany_05D_noiselessall.pdf Graphic file (type pdf)
<use Figures/Neural-BO/Neural-BO_pprldmany_05D_noiselessall.pdf>
Package pdftex.def Info: Figures/Neural-BO/Neural-BO_pprldmany_05D_noiselessall.pdf  used on input line 373.
(pdftex.def)             Requested size: 227.62206pt x 170.71628pt.
<Figures/Neural-BO/Neural-BO_pprldmany_10D_noiselessall.pdf, id=1983, 462.52798pt x 346.89601pt>
File: Figures/Neural-BO/Neural-BO_pprldmany_10D_noiselessall.pdf Graphic file (type pdf)
<use Figures/Neural-BO/Neural-BO_pprldmany_10D_noiselessall.pdf>
Package pdftex.def Info: Figures/Neural-BO/Neural-BO_pprldmany_10D_noiselessall.pdf  used on input line 379.
(pdftex.def)             Requested size: 227.62206pt x 170.71628pt.


[66]

[67 <./Figures/Neural-BO/A1.pdf> <./Figures/Neural-BO/A2.pdf> <./Figures/Neural-BO/L1.pdf> <./Figures/Neural-BO/baselines.pdf>]

[68 <./Figures/Neural-BO/L2.pdf> <./Figures/Neural-BO/M1.pdf> <./Figures/Neural-BO/M2.pdf>]

[69]
<Figures/Neural-BO/Neural-BO_sensitive_sample_detection_rate.pdf, id=3022, 455.48354pt x 304.45345pt>
File: Figures/Neural-BO/Neural-BO_sensitive_sample_detection_rate.pdf Graphic file (type pdf)
<use Figures/Neural-BO/Neural-BO_sensitive_sample_detection_rate.pdf>
Package pdftex.def Info: Figures/Neural-BO/Neural-BO_sensitive_sample_detection_rate.pdf  used on input line 403.
(pdftex.def)             Requested size: 455.24413pt x 304.29938pt.


[70]

[71 <./Figures/Neural-BO/Neural-BO_pprldmany_02D_noiselessall.pdf> <./Figures/Neural-BO/Neural-BO_pprldmany_03D_noiselessall.pdf

pdfTeX warning: pdflatex (file ./Figures/Neural-BO/Neural-BO_pprldmany_03D_noiselessall.pdf): PDF inclusion: multiple pdfs with page group included in a single page
> <./Figures/Neural-BO/Neural-BO_pprldmany_05D_noiselessall.pdf

pdfTeX warning: pdflatex (file ./Figures/Neural-BO/Neural-BO_pprldmany_05D_noiselessall.pdf): PDF inclusion: multiple pdfs with page group included in a single page
> <./Figures/Neural-BO/Neural-BO_pprldmany_10D_noiselessall.pdf

pdfTeX warning: pdflatex (file ./Figures/Neural-BO/Neural-BO_pprldmany_10D_noiselessall.pdf): PDF inclusion: multiple pdfs with page group included in a single page
>]
<Figures/Neural-BO/Neural-BO_AmazonReview_dim_500_round_300.pdf, id=3294, 455.48354pt x 295.53073pt>
File: Figures/Neural-BO/Neural-BO_AmazonReview_dim_500_round_300.pdf Graphic file (type pdf)
<use Figures/Neural-BO/Neural-BO_AmazonReview_dim_500_round_300.pdf>
Package pdftex.def Info: Figures/Neural-BO/Neural-BO_AmazonReview_dim_500_round_300.pdf  used on input line 416.
(pdftex.def)             Requested size: 455.24413pt x 295.38118pt.
<Figures/Neural-BO/Neural-BO_Robot_dim_14_round_6000.pdf, id=3297, 455.38632pt x 295.53073pt>
File: Figures/Neural-BO/Neural-BO_Robot_dim_14_round_6000.pdf Graphic file (type pdf)
<use Figures/Neural-BO/Neural-BO_Robot_dim_14_round_6000.pdf>
Package pdftex.def Info: Figures/Neural-BO/Neural-BO_Robot_dim_14_round_6000.pdf  used on input line 425.
(pdftex.def)             Requested size: 455.24413pt x 295.4443pt.


[72 <./Figures/Neural-BO/Neural-BO_sensitive_sample_detection_rate.pdf>]
Overfull \vbox (46.47232pt too high) has occurred while \output is active []



[73 <./Figures/Neural-BO/Neural-BO_AmazonReview_dim_500_round_300.pdf> <./Figures/Neural-BO/Neural-BO_Robot_dim_14_round_6000.pdf>])

[74]
\openout2 = `Chapters/neural-cbo.aux'.

 (Chapters/neural-cbo.tex
Chapter 4.


[75




]
LaTeX Font Info:    Font shape `U/msa/m/n' will be
(Font)              scaled to size 15.0049pt on input line 34.
LaTeX Font Info:    Font shape `U/msb/m/n' will be
(Font)              scaled to size 15.0049pt on input line 34.


Package hyperref Warning: Token not allowed in a PDF string (Unicode):
(hyperref)                removing `math shift' on input line 34.


Package hyperref Warning: Token not allowed in a PDF string (Unicode):
(hyperref)                removing `subscript' on input line 34.


Package hyperref Warning: Token not allowed in a PDF string (Unicode):
(hyperref)                removing `math shift' on input line 34.




Package scrlayer-scrpage Warning: \headheight to low.
(scrlayer-scrpage)                At least 28.99998pt needed,
(scrlayer-scrpage)                but only 20.66162pt found.
(scrlayer-scrpage)                I'll enlarge \headheight, for further
(scrlayer-scrpage)                processing, but you should do this yourself,
(scrlayer-scrpage)                e.g., setting geometry's option
(scrlayer-scrpage)                `head=28.99998pt'.
(scrlayer-scrpage)                I'll also decrease \topmargin on input line 44.


Overfull \vbox (8.33836pt too high) has occurred while \output is active []

 [76]

[77]
Package hyperref Info: bookmark level for unknown condition defaults to 0 on input line 117.
Package hyperref Info: bookmark level for unknown lemma defaults to 0 on input line 139.


[78]
Package hyperref Info: bookmark level for unknown corollary defaults to 0 on input line 150.


[79]
<figures/Neural-CBO/1d_toy_lcb_ei.pdf, id=3552, 578.16pt x 578.16pt>
File: figures/Neural-CBO/1d_toy_lcb_ei.pdf Graphic file (type pdf)
<use figures/Neural-CBO/1d_toy_lcb_ei.pdf>
Package pdftex.def Info: figures/Neural-CBO/1d_toy_lcb_ei.pdf  used on input line 222.
(pdftex.def)             Requested size: 223.07211pt x 223.06425pt.
<figures/Neural-CBO/1d_toy_lcb_lcb.pdf, id=3553, 578.16pt x 578.16pt>
File: figures/Neural-CBO/1d_toy_lcb_lcb.pdf Graphic file (type pdf)
<use figures/Neural-CBO/1d_toy_lcb_lcb.pdf>
Package pdftex.def Info: figures/Neural-CBO/1d_toy_lcb_lcb.pdf  used on input line 229.
(pdftex.def)             Requested size: 223.07211pt x 223.06425pt.


[80]

[81 <./figures/Neural-CBO/1d_toy_lcb_ei.pdf> <./figures/Neural-CBO/1d_toy_lcb_lcb.pdf>]

[82]

[83]
<Figures/Neural-CBO/Branin-Simionescu-GasTransmission-Ackley-Hartmann-SpeedReducer.pdf, id=3747, 872.13953pt x 649.30641pt>
File: Figures/Neural-CBO/Branin-Simionescu-GasTransmission-Ackley-Hartmann-SpeedReducer.pdf Graphic file (type pdf)
<use Figures/Neural-CBO/Branin-Simionescu-GasTransmission-Ackley-Hartmann-SpeedReducer.pdf>
Package pdftex.def Info: Figures/Neural-CBO/Branin-Simionescu-GasTransmission-Ackley-Hartmann-SpeedReducer.pdf  used on input line 350.
(pdftex.def)             Requested size: 455.24413pt x 338.92926pt.


LaTeX Warning: `h' float specifier changed to `ht'.



[84]

[85]

[86 <./Figures/Neural-CBO/Branin-Simionescu-GasTransmission-Ackley-Hartmann-SpeedReducer.pdf>]
<Figures/Neural-CBO/sensitive_sample_detection_rate.pdf, id=3898, 443.05148pt x 335.44322pt>
File: Figures/Neural-CBO/sensitive_sample_detection_rate.pdf Graphic file (type pdf)
<use Figures/Neural-CBO/sensitive_sample_detection_rate.pdf>
Package pdftex.def Info: Figures/Neural-CBO/sensitive_sample_detection_rate.pdf  used on input line 428.
(pdftex.def)             Requested size: 455.24413pt x 344.6863pt.


LaTeX Warning: `h' float specifier changed to `ht'.



[87])

[88 <./Figures/Neural-CBO/sensitive_sample_detection_rate.pdf>]
\openout2 = `Chapters/pinn-bo.aux'.

 (Chapters/pinn-bo.tex
Chapter 5.


[89




]

[90]

[91]

[92]

[93]

[94]

[95]

[96]

[97]
<Figures/PINN-BO/pinn-bo_all_synthetic.pdf, id=4084, 857.89429pt x 621.0452pt>
File: Figures/PINN-BO/pinn-bo_all_synthetic.pdf Graphic file (type pdf)
<use Figures/PINN-BO/pinn-bo_all_synthetic.pdf>
Package pdftex.def Info: Figures/PINN-BO/pinn-bo_all_synthetic.pdf  used on input line 274.
(pdftex.def)             Requested size: 455.24413pt x 329.55986pt.


[98]

[99 <./Figures/PINN-BO/pinn-bo_all_synthetic.pdf>]
<Figures/PINN-BO/Heat_dim_2_bc1.pdf, id=4179, 461.18674pt x 334.37985pt>
File: Figures/PINN-BO/Heat_dim_2_bc1.pdf Graphic file (type pdf)
<use Figures/PINN-BO/Heat_dim_2_bc1.pdf>
Package pdftex.def Info: Figures/PINN-BO/Heat_dim_2_bc1.pdf  used on input line 300.
(pdftex.def)             Requested size: 223.07211pt x 161.74033pt.
<Figures/PINN-BO/Heat_dim_2_bc2.pdf, id=4180, 460.71497pt x 334.37985pt>
File: Figures/PINN-BO/Heat_dim_2_bc2.pdf Graphic file (type pdf)
<use Figures/PINN-BO/Heat_dim_2_bc2.pdf>
Package pdftex.def Info: Figures/PINN-BO/Heat_dim_2_bc2.pdf  used on input line 307.
(pdftex.def)             Requested size: 223.07211pt x 161.9036pt.
<Figures/PINN-BO/Heat_dim_2_bc3.pdf, id=4181, 460.71497pt x 334.37985pt>
File: Figures/PINN-BO/Heat_dim_2_bc3.pdf Graphic file (type pdf)
<use Figures/PINN-BO/Heat_dim_2_bc3.pdf>
Package pdftex.def Info: Figures/PINN-BO/Heat_dim_2_bc3.pdf  used on input line 314.
(pdftex.def)             Requested size: 227.62206pt x 165.20474pt.
<Figures/PINN-BO/heat_py_pde_1000_test_1.pdf, id=4182, 394.21475pt x 315.83257pt>
File: Figures/PINN-BO/heat_py_pde_1000_test_1.pdf Graphic file (type pdf)
<use Figures/PINN-BO/heat_py_pde_1000_test_1.pdf>
Package pdftex.def Info: Figures/PINN-BO/heat_py_pde_1000_test_1.pdf  used on input line 340.
(pdftex.def)             Requested size: 223.07211pt x 178.72041pt.
<Figures/PINN-BO/heat_py_pde_1000_test_2.pdf, id=4183, 394.21475pt x 315.83257pt>
File: Figures/PINN-BO/heat_py_pde_1000_test_2.pdf Graphic file (type pdf)
<use Figures/PINN-BO/heat_py_pde_1000_test_2.pdf>
Package pdftex.def Info: Figures/PINN-BO/heat_py_pde_1000_test_2.pdf  used on input line 347.
(pdftex.def)             Requested size: 223.07211pt x 178.72041pt.
<Figures/PINN-BO/heat_py_pde_1000_test_3.pdf, id=4184, 394.21475pt x 315.83257pt>
File: Figures/PINN-BO/heat_py_pde_1000_test_3.pdf Graphic file (type pdf)
<use Figures/PINN-BO/heat_py_pde_1000_test_3.pdf>
Package pdftex.def Info: Figures/PINN-BO/heat_py_pde_1000_test_3.pdf  used on input line 354.
(pdftex.def)             Requested size: 227.62206pt x 182.36856pt.


[100 <./Figures/PINN-BO/Heat_dim_2_bc1.pdf> <./Figures/PINN-BO/Heat_dim_2_bc2.pdf> <./Figures/PINN-BO/Heat_dim_2_bc3.pdf>]

[101 <./Figures/PINN-BO/heat_py_pde_1000_test_1.pdf> <./Figures/PINN-BO/heat_py_pde_1000_test_2.pdf> <./Figures/PINN-BO/heat_py_pde_1000_test_3.pdf>]
<Figures/PINN-BO/beam.pdf, id=4404, 502.85051pt x 404.59846pt>
File: Figures/PINN-BO/beam.pdf Graphic file (type pdf)
<use Figures/PINN-BO/beam.pdf>
Package pdftex.def Info: Figures/PINN-BO/beam.pdf  used on input line 404.
(pdftex.def)             Requested size: 200.30852pt x 161.16975pt.
<Figures/PINN-BO/BeamDeflection_dim_1.pdf, id=4405, 460.71497pt x 334.37985pt>
File: Figures/PINN-BO/BeamDeflection_dim_1.pdf Graphic file (type pdf)
<use Figures/PINN-BO/BeamDeflection_dim_1.pdf>
Package pdftex.def Info: Figures/PINN-BO/BeamDeflection_dim_1.pdf  used on input line 411.
(pdftex.def)             Requested size: 223.07211pt x 161.9036pt.


[102])

[103 <./Figures/PINN-BO/beam.pdf> <./Figures/PINN-BO/BeamDeflection_dim_1.pdf>]
\openout2 = `Chapters/conclusion.aux'.

 (Chapters/conclusion.tex
Chapter 6.


[104




])

[105]

[106]
\openout2 = `Appendices/neural-bo_appendix.aux'.

 (Appendices/neural-bo_appendix.tex
Appendix A.


[107




]
Package hyperref Info: bookmark level for unknown subdefinition defaults to 0 on input line 81.


[108]

[109]

[110]

[111]

[112]

[113]
Package hyperref Info: bookmark level for unknown auxlemma defaults to 0 on input line 323.


[114]

[115]

[116]

[117]

[118])

[119]
\openout2 = `Appendices/neural-cbo_appendix.aux'.

 (Appendices/neural-cbo_appendix.tex
Appendix B.


[120




]

[121]
<figures/Neural-CBO/Branin-Simionescu-GasTransmission-Ackley-Hartmann-SpeedReducer_regret.pdf, id=4756, 867.49246pt x 649.30641pt>
File: figures/Neural-CBO/Branin-Simionescu-GasTransmission-Ackley-Hartmann-SpeedReducer_regret.pdf Graphic file (type pdf)
<use figures/Neural-CBO/Branin-Simionescu-GasTransmission-Ackley-Hartmann-SpeedReducer_regret.pdf>
Package pdftex.def Info: figures/Neural-CBO/Branin-Simionescu-GasTransmission-Ackley-Hartmann-SpeedReducer_regret.pdf  used on input line 71.
(pdftex.def)             Requested size: 455.24413pt x 340.75226pt.
<figures/Neural-CBO/Branin-Simionescu-GasTransmission-Ackley-Hartmann-SpeedReducer_violation.pdf, id=4763, 867.86986pt x 649.30641pt>
File: figures/Neural-CBO/Branin-Simionescu-GasTransmission-Ackley-Hartmann-SpeedReducer_violation.pdf Graphic file (type pdf)
<use figures/Neural-CBO/Branin-Simionescu-GasTransmission-Ackley-Hartmann-SpeedReducer_violation.pdf>
Package pdftex.def Info: figures/Neural-CBO/Branin-Simionescu-GasTransmission-Ackley-Hartmann-SpeedReducer_violation.pdf  used on input line 80.
(pdftex.def)             Requested size: 455.24413pt x 340.60364pt.


LaTeX Warning: `h' float specifier changed to `ht'.

<figures/Neural-CBO/Branin-Simionescu-GasTransmission-Ackley-Hartmann-SpeedReducer_best_feasible_minimum.pdf, id=4770, 869.54236pt x 649.30641pt>
File: figures/Neural-CBO/Branin-Simionescu-GasTransmission-Ackley-Hartmann-SpeedReducer_best_feasible_minimum.pdf Graphic file (type pdf)
<use figures/Neural-CBO/Branin-Simionescu-GasTransmission-Ackley-Hartmann-SpeedReducer_best_feasible_minimum.pdf>
Package pdftex.def Info: figures/Neural-CBO/Branin-Simionescu-GasTransmission-Ackley-Hartmann-SpeedReducer_best_feasible_minimum.pdf  used on input line 88.
(pdftex.def)             Requested size: 455.24413pt x 339.93983pt.

LaTeX Warning: `h' float specifier changed to `ht'.



[122 <./figures/Neural-CBO/Branin-Simionescu-GasTransmission-Ackley-Hartmann-SpeedReducer_regret.pdf>]

[123 <./figures/Neural-CBO/Branin-Simionescu-GasTransmission-Ackley-Hartmann-SpeedReducer_violation.pdf>]

[124 <./figures/Neural-CBO/Branin-Simionescu-GasTransmission-Ackley-Hartmann-SpeedReducer_best_feasible_minimum.pdf>]

[125]

[126]

[127]

[128]

[129]

[130]

[131]
Overfull \hbox (25.5233pt too wide) detected at line 467
[]
 []



[132]

[133])

[134]
\openout2 = `Appendices/pinn-bo_appendix.aux'.

 (Appendices/pinn-bo_appendix.tex
Appendix C.


[135




]

[136]

[137]

[138]

[139]

[140]

[141]

[142]

[143]

[144]

[145]

[146]

[147]

[148]

[149]
Package hyperref Info: bookmark level for unknown subcorollary defaults to 0 on input line 656.


[150]

[151]

[152]

[153]

[154]

[155]

[156]

[157])

[158]

[159



]

[160]

[161]

[162]

[163]

[164]

[165] (main.aux (Utils/list_of_publications.aux) (Utils/acknowledgements.aux) (Utils/abbreviations.aux) (Chapters/abstract.aux) (Chapters/introduction.aux) (Chapters/background.aux) (Chapters/neural-bo.aux) (Chapters/neural-cbo.aux) (Chapters/pinn-bo.aux) (Chapters/conclusion.aux) (Appendices/neural-bo_appendix.aux) (Appendices/neural-cbo_appendix.aux) (Appendices/pinn-bo_appendix.aux))
 ***********
LaTeX2e <2024-11-01> patch level 1
L3 programming layer <2020/03/25>
 ***********
Package rerunfilecheck Info: File `main.out' has not changed.
(rerunfilecheck)             Checksum: 625BCDCB487BF74F22F2F15694B7CAAC;29713.
Package logreq Info: Writing requests to 'main.run.xml'.
\openout1 = `main.run.xml'.

 ) 
Here is how much of TeX's memory you used:
 38940 strings out of 473536
 838963 string characters out of 5714956
 1697367 words of memory out of 5000000
 60727 multiletter control sequences out of 15000+600000
 653439 words of font info for 251 fonts, out of 8000000 for 9000
 1141 hyphenation exceptions out of 8191
 96i,26n,94p,3362b,2939s stack positions out of 10000i,1000n,20000p,200000b,200000s
 <C:\Users\phant\AppData\Local\MiKTeX\fonts/pk/ljfour/jknappen/ec/dpi600\ectt1000.pk> <C:\Users\phant\AppData\Local\MiKTeX\fonts/pk/ljfour/jknappen/ec/dpi600\ectt1200.pk><C:/Users/phant/AppData/Local/Programs/MiKTeX/fonts/type1/public/amsfonts/cm/cmex10.pfb><C:/Users/phant/AppData/Local/Programs/MiKTeX/fonts/type1/public/amsfonts/cm/cmmi10.pfb><C:/Users/phant/AppData/Local/Programs/MiKTeX/fonts/type1/public/amsfonts/cm/cmr10.pfb><C:/Users/phant/AppData/Local/Programs/MiKTeX/fonts/type1/public/amsfonts/cm/cmsy10.pfb><C:/Users/phant/AppData/Local/Programs/MiKTeX/fonts/type1/public/mathpazo/fplmb.pfb><C:/Users/phant/AppData/Local/Programs/MiKTeX/fonts/type1/public/mathpazo/fplmbb.pfb><C:/Users/phant/AppData/Local/Programs/MiKTeX/fonts/type1/public/mathpazo/fplmbi.pfb><C:/Users/phant/AppData/Local/Programs/MiKTeX/fonts/type1/public/mathpazo/fplmr.pfb><C:/Users/phant/AppData/Local/Programs/MiKTeX/fonts/type1/public/mathpazo/fplmri.pfb><C:/Users/phant/AppData/Local/Programs/MiKTeX/fonts/type1/public/amsfonts/symbols/msam10.pfb><C:/Users/phant/AppData/Local/Programs/MiKTeX/fonts/type1/urw/palatino/uplb8a.pfb><C:/Users/phant/AppData/Local/Programs/MiKTeX/fonts/type1/urw/palatino/uplbi8a.pfb><C:/Users/phant/AppData/Local/Programs/MiKTeX/fonts/type1/urw/palatino/uplr8a.pfb><C:/Users/phant/AppData/Local/Programs/MiKTeX/fonts/type1/urw/palatino/uplr8a.pfb><C:/Users/phant/AppData/Local/Programs/MiKTeX/fonts/type1/urw/palatino/uplri8a.pfb>
Output written on main.pdf (184 pages, 16912387 bytes).
PDF statistics:
 5899 PDF objects out of 6186 (max. 8388607)
 772 named destinations out of 1000 (max. 500000)
 1454 words of extra memory for PDF output out of 10000 (max. 10000000)

